Archive member included to satisfy reference by file (symbol)

/Applications/STM32CubeIDE.app/Contents/Eclipse/plugins/com.st.stm32cube.ide.mcu.externaltools.gnu-tools-for-stm32.13.3.rel1.macos64_1.0.100.202509120712/tools/bin/../lib/gcc/arm-none-eabi/13.3.1/../../../../arm-none-eabi/lib/thumb/v7e-m+dp/hard/libc_nano.a(libc_a-exit.o)
                              /Applications/STM32CubeIDE.app/Contents/Eclipse/plugins/com.st.stm32cube.ide.mcu.externaltools.gnu-tools-for-stm32.13.3.rel1.macos64_1.0.100.202509120712/tools/bin/../lib/gcc/arm-none-eabi/13.3.1/../../../../arm-none-eabi/lib/thumb/v7e-m+dp/hard/crt0.o (exit)
/Applications/STM32CubeIDE.app/Contents/Eclipse/plugins/com.st.stm32cube.ide.mcu.externaltools.gnu-tools-for-stm32.13.3.rel1.macos64_1.0.100.202509120712/tools/bin/../lib/gcc/arm-none-eabi/13.3.1/../../../../arm-none-eabi/lib/thumb/v7e-m+dp/hard/libc_nano.a(libc_a-findfp.o)
                              /Applications/STM32CubeIDE.app/Contents/Eclipse/plugins/com.st.stm32cube.ide.mcu.externaltools.gnu-tools-for-stm32.13.3.rel1.macos64_1.0.100.202509120712/tools/bin/../lib/gcc/arm-none-eabi/13.3.1/../../../../arm-none-eabi/lib/thumb/v7e-m+dp/hard/libc_nano.a(libc_a-exit.o) (__stdio_exit_handler)
/Applications/STM32CubeIDE.app/Contents/Eclipse/plugins/com.st.stm32cube.ide.mcu.externaltools.gnu-tools-for-stm32.13.3.rel1.macos64_1.0.100.202509120712/tools/bin/../lib/gcc/arm-none-eabi/13.3.1/../../../../arm-none-eabi/lib/thumb/v7e-m+dp/hard/libc_nano.a(libc_a-fwalk.o)
                              /Applications/STM32CubeIDE.app/Contents/Eclipse/plugins/com.st.stm32cube.ide.mcu.externaltools.gnu-tools-for-stm32.13.3.rel1.macos64_1.0.100.202509120712/tools/bin/../lib/gcc/arm-none-eabi/13.3.1/../../../../arm-none-eabi/lib/thumb/v7e-m+dp/hard/libc_nano.a(libc_a-findfp.o) (_fwalk_sglue)
/Applications/STM32CubeIDE.app/Contents/Eclipse/plugins/com.st.stm32cube.ide.mcu.externaltools.gnu-tools-for-stm32.13.3.rel1.macos64_1.0.100.202509120712/tools/bin/../lib/gcc/arm-none-eabi/13.3.1/../../../../arm-none-eabi/lib/thumb/v7e-m+dp/hard/libc_nano.a(libc_a-printf.o)
                              ./Core/Src/main.o (printf)
/Applications/STM32CubeIDE.app/Contents/Eclipse/plugins/com.st.stm32cube.ide.mcu.externaltools.gnu-tools-for-stm32.13.3.rel1.macos64_1.0.100.202509120712/tools/bin/../lib/gcc/arm-none-eabi/13.3.1/../../../../arm-none-eabi/lib/thumb/v7e-m+dp/hard/libc_nano.a(libc_a-puts.o)
                              ./Core/Src/main.o (puts)
/Applications/STM32CubeIDE.app/Contents/Eclipse/plugins/com.st.stm32cube.ide.mcu.externaltools.gnu-tools-for-stm32.13.3.rel1.macos64_1.0.100.202509120712/tools/bin/../lib/gcc/arm-none-eabi/13.3.1/../../../../arm-none-eabi/lib/thumb/v7e-m+dp/hard/libc_nano.a(libc_a-memset.o)
                              /Applications/STM32CubeIDE.app/Contents/Eclipse/plugins/com.st.stm32cube.ide.mcu.externaltools.gnu-tools-for-stm32.13.3.rel1.macos64_1.0.100.202509120712/tools/bin/../lib/gcc/arm-none-eabi/13.3.1/../../../../arm-none-eabi/lib/thumb/v7e-m+dp/hard/crt0.o (memset)
/Applications/STM32CubeIDE.app/Contents/Eclipse/plugins/com.st.stm32cube.ide.mcu.externaltools.gnu-tools-for-stm32.13.3.rel1.macos64_1.0.100.202509120712/tools/bin/../lib/gcc/arm-none-eabi/13.3.1/../../../../arm-none-eabi/lib/thumb/v7e-m+dp/hard/libc_nano.a(libc_a-errno.o)
                              ./Core/Src/syscalls.o (__errno)
/Applications/STM32CubeIDE.app/Contents/Eclipse/plugins/com.st.stm32cube.ide.mcu.externaltools.gnu-tools-for-stm32.13.3.rel1.macos64_1.0.100.202509120712/tools/bin/../lib/gcc/arm-none-eabi/13.3.1/../../../../arm-none-eabi/lib/thumb/v7e-m+dp/hard/libc_nano.a(libc_a-init.o)
                              /Applications/STM32CubeIDE.app/Contents/Eclipse/plugins/com.st.stm32cube.ide.mcu.externaltools.gnu-tools-for-stm32.13.3.rel1.macos64_1.0.100.202509120712/tools/bin/../lib/gcc/arm-none-eabi/13.3.1/../../../../arm-none-eabi/lib/thumb/v7e-m+dp/hard/crt0.o (__libc_init_array)
/Applications/STM32CubeIDE.app/Contents/Eclipse/plugins/com.st.stm32cube.ide.mcu.externaltools.gnu-tools-for-stm32.13.3.rel1.macos64_1.0.100.202509120712/tools/bin/../lib/gcc/arm-none-eabi/13.3.1/../../../../arm-none-eabi/lib/thumb/v7e-m+dp/hard/libc_nano.a(libc_a-lock.o)
                              /Applications/STM32CubeIDE.app/Contents/Eclipse/plugins/com.st.stm32cube.ide.mcu.externaltools.gnu-tools-for-stm32.13.3.rel1.macos64_1.0.100.202509120712/tools/bin/../lib/gcc/arm-none-eabi/13.3.1/../../../../arm-none-eabi/lib/thumb/v7e-m+dp/hard/libc_nano.a(libc_a-findfp.o) (__retarget_lock_init_recursive)
/Applications/STM32CubeIDE.app/Contents/Eclipse/plugins/com.st.stm32cube.ide.mcu.externaltools.gnu-tools-for-stm32.13.3.rel1.macos64_1.0.100.202509120712/tools/bin/../lib/gcc/arm-none-eabi/13.3.1/../../../../arm-none-eabi/lib/thumb/v7e-m+dp/hard/libc_nano.a(libc_a-impure.o)
[...]
Memory Configuration

Name             Origin             Length             Attributes
FLASH            0x08000000         0x00200000         xr
DTCMRAM          0x20000000         0x00020000         xrw
RAM_D1           0x24000000         0x00080000         xrw
RAM_D2           0x30000000         0x00048000         xrw
RAM_D3           0x38000000         0x00010000         xrw
ITCMRAM          0x00000000         0x00010000         xrw
*default*        0x00000000         0xffffffff

Linker script and memory map

LOAD /Applications/STM32CubeIDE.app/Contents/Eclipse/plugins/com.st.stm32cube.ide.mcu.externaltools.gnu-tools-for-stm32.13.3.rel1.macos64_1.0.100.202509120712/tools/bin/../lib/gcc/arm-none-eabi/13.3.1/thumb/v7e-m+dp/hard/crti.o
LOAD /Applications/STM32CubeIDE.app/Contents/Eclipse/plugins/com.st.stm32cube.ide.mcu.externaltools.gnu-tools-for-stm32.13.3.rel1.macos64_1.0.100.202509120712/tools/bin/../lib/gcc/arm-none-eabi/13.3.1/thumb/v7e-m+dp/hard/crtbegin.o
LOAD /Applications/STM32CubeIDE.app/Contents/Eclipse/plugins/com.st.stm32cube.ide.mcu.externaltools.gnu-tools-for-stm32.13.3.rel1.macos64_1.0.100.202509120712/tools/bin/../lib/gcc/arm-none-eabi/13.3.1/../../../../arm-none-eabi/lib/thumb/v7e-m+dp/hard/crt0.o
LOAD ./Core/Src/MS5611_driver.o
LOAD ./Core/Src/freertos.o
LOAD ./Core/Src/main.o
LOAD ./Core/Src/stm32h7xx_hal_msp.o
LOAD ./Core/Src/stm32h7xx_hal_timebase_tim.o
LOAD ./Core/Src/stm32h7xx_it.o
LOAD ./Core/Src/syscalls.o
LOAD ./Core/Src/sysmem.o
LOAD ./Core/Src/system_stm32h7xx.o
LOAD ./Core/Startup/startup_stm32h753zitx.o
LOAD ./Drivers/BSP/STM32H7xx_Nucleo/stm32h7xx_nucleo.o
LOAD ./Drivers/STM32H7xx_HAL_Driver/Src/stm32h7xx_hal.o
LOAD ./Drivers/STM32H7xx_HAL_Driver/Src/stm32h7xx_hal_cortex.o
LOAD ./Drivers/STM32H7xx_HAL_Driver/Src/stm32h7xx_hal_dma.o
LOAD ./Drivers/STM32H7xx_HAL_Driver/Src/stm32h7xx_hal_dma_ex.o
LOAD ./Drivers/STM32H7xx_HAL_Driver/Src/stm32h7xx_hal_exti.o
LOAD ./Drivers/STM32H7xx_HAL_Driver/Src/stm32h7xx_hal_fdcan.o
LOAD ./Drivers/STM32H7xx_HAL_Driver/Src/stm32h7xx_hal_flash.o
LOAD ./Drivers/STM32H7xx_HAL_Driver/Src/stm32h7xx_hal_flash_ex.o
LOAD ./Drivers/STM32H7xx_HAL_Driver/Src/stm32h7xx_hal_gpio.o
LOAD ./Drivers/STM32H7xx_HAL_Driver/Src/stm32h7xx_hal_hsem.o
LOAD ./Drivers/STM32H7xx_HAL_Driver/Src/stm32h7xx_hal_i2c.o
LOAD ./Drivers/STM32H7xx_HAL_Driver/Src/stm32h7xx_hal_i2c_ex.o
LOAD ./Drivers/STM32H7xx_HAL_Driver/Src/stm32h7xx_hal_mdma.o
LOAD ./Drivers/STM32H7xx_HAL_Driver/Src/stm32h7xx_hal_pwr.o
LOAD ./Drivers/STM32H7xx_HAL_Driver/Src/stm32h7xx_hal_pwr_ex.o
LOAD ./Drivers/STM32H7xx_HAL_Driver/Src/stm32h7xx_hal_rcc.o
LOAD ./Drivers/STM32H7xx_HAL_Driver/Src/stm32h7xx_hal_rcc_ex.o
LOAD ./Drivers/STM32H7xx_HAL_Driver/Src/stm32h7xx_hal_spi.o
LOAD ./Drivers/STM32H7xx_HAL_Driver/Src/stm32h7xx_hal_spi_ex.o
LOAD ./Drivers/STM32H7xx_HAL_Driver/Src/stm32h7xx_hal_tim.o
LOAD ./Drivers/STM32H7xx_HAL_Driver/Src/stm32h7xx_hal_tim_ex.o
LOAD ./Drivers/STM32H7xx_HAL_Driver/Src/stm32h7xx_hal_uart.o
LOAD ./Drivers/STM32H7xx_HAL_Driver/Src/stm32h7xx_hal_uart_ex.o
LOAD ./Drivers/STM32H7xx_HAL_Driver/Src/stm32h7xx_hal_usart.o
LOAD ./Drivers/STM32H7xx_HAL_Driver/Src/stm32h7xx_hal_usart_ex.o
LOAD ./Middlewares/Third_Party/FreeRTOS/Source/CMSIS_RTOS_V2/cmsis_os2.o
LOAD ./Middlewares/Third_Party/FreeRTOS/Source/croutine.o
LOAD ./Middlewares/Third_Party/FreeRTOS/Source/event_groups.o
LOAD ./Middlewares/Third_Party/FreeRTOS/Source/list.o
LOAD ./Middlewares/Third_Party/FreeRTOS/Source/queue.o
LOAD ./Middlewares/Third_Party/FreeRTOS/Source/stream_buffer.o
LOAD ./Middlewares/Third_Party/FreeRTOS/Source/tasks.o
LOAD ./Middlewares/Third_Party/FreeRTOS/Source/timers.o
LOAD ./Middlewares/Third_Party/FreeRTOS/Source/portable/GCC/ARM_CM4F/port.o
LOAD ./Middlewares/Third_Party/FreeRTOS/Source/portable/MemMang/heap_4.o
START GROUP
LOAD /Applications/STM32CubeIDE.app/Contents/Eclipse/plugins/com.st.stm32cube.ide.mcu.externaltools.gnu-tools-for-stm32.13.3.rel1.macos64_1.0.100.202509120712/tools/bin/../lib/gcc/arm-none-eabi/13.3.1/../../../../arm-none-eabi/lib/thumb/v7e-m+dp/hard/libc_nano.a
LOAD /Applications/STM32CubeIDE.app/Contents/Eclipse/plugins/com.st.stm32cube.ide.mcu.externaltools.gnu-tools-for-stm32.13.3.rel1.macos64_1.0.100.202509120712/tools/bin/../lib/gcc/arm-none-eabi/13.3.1/../../../../arm-none-eabi/lib/thumb/v7e-m+dp/hard/libm.a
END GROUP
START GROUP
LOAD /Applications/STM32CubeIDE.app/Contents/Eclipse/plugins/com.st.stm32cube.ide.mcu.externaltools.gnu-tools-for-stm32.13.3.rel1.macos64_1.0.100.202509120712/tools/bin/../lib/gcc/arm-none-eabi/13.3.1/thumb/v7e-m+dp/hard/libgcc.a
LOAD /Applications/STM32CubeIDE.app/Contents/Eclipse/plugins/com.st.stm32cube.ide.mcu.externaltools.gnu-tools-for-stm32.13.3.rel1.macos64_1.0.100.202509120712/tools/bin/../lib/gcc/arm-none-eabi/13.3.1/../../../../arm-none-eabi/lib/thumb/v7e-m+dp/hard/libc_nano.a
END GROUP
START GROUP
LOAD /Applications/STM32CubeIDE.app/Contents/Eclipse/plugins/com.st.stm32cube.ide.mcu.externaltools.gnu-tools-for-stm32.13.3.rel1.macos64_1.0.100.202509120712/tools/bin/../lib/gcc/arm-none-eabi/13.3.1/thumb/v7e-m+dp/hard/libgcc.a
LOAD /Applications/STM32CubeIDE.app/Contents/Eclipse/plugins/com.st.stm32cube.ide.mcu.externaltools.gnu-tools-for-stm32.13.3.rel1.macos64_1.0.100.202509120712/tools/bin/../lib/gcc/arm-none-eabi/13.3.1/../../../../arm-none-eabi/lib/thumb/v7e-m+dp/hard/libc_nano.a
LOAD /Applications/STM32CubeIDE.app/Contents/Eclipse/plugins/com.st.stm32cube.ide.mcu.externaltools.gnu-tools-for-stm32.13.3.rel1.macos64_1.0.100.202509120712/tools/bin/../lib/gcc/arm-none-eabi/13.3.1/../../../../arm-none-eabi/lib/thumb/v7e-m+dp/hard/libnosys.a
END GROUP
START GROUP
LOAD /Applications/STM32CubeIDE.app/Contents/Eclipse/plugins/com.st.stm32cube.ide.mcu.externaltools.gnu-tools-for-stm32.13.3.rel1.macos64_1.0.100.202509120712/tools/bin/../lib/gcc/arm-none-eabi/13.3.1/thumb/v7e-m+dp/hard/libgcc.a
LOAD /Applications/STM32CubeIDE.app/Contents/Eclipse/plugins/com.st.stm32cube.ide.mcu.externaltools.gnu-tools-for-stm32.13.3.rel1.macos64_1.0.100.202509120712/tools/bin/../lib/gcc/arm-none-eabi/13.3.1/../../../../arm-none-eabi/lib/thumb/v7e-m+dp/hard/libc_nano.a
LOAD /Applications/STM32CubeIDE.app/Contents/Eclipse/plugins/com.st.stm32cube.ide.mcu.externaltools.gnu-tools-for-stm32.13.3.rel1.macos64_1.0.100.202509120712/tools/bin/../lib/gcc/arm-none-eabi/13.3.1/../../../../arm-none-eabi/lib/thumb/v7e-m+dp/hard/libnosys.a
END GROUP
LOAD /Applications/STM32CubeIDE.app/Contents/Eclipse/plugins/com.st.stm32cube.ide.mcu.externaltools.gnu-tools-for-stm32.13.3.rel1.macos64_1.0.100.202509120712/tools/bin/../lib/gcc/arm-none-eabi/13.3.1/thumb/v7e-m+dp/hard/crtend.o
LOAD /Applications/STM32CubeIDE.app/Contents/Eclipse/plugins/com.st.stm32cube.ide.mcu.externaltools.gnu-tools-for-stm32.13.3.rel1.macos64_1.0.100.202509120712/tools/bin/../lib/gcc/arm-none-eabi/13.3.1/thumb/v7e-m+dp/hard/crtn.o
                0x24080000                        _estack = (ORIGIN (RAM_D1) + LENGTH (RAM_D1))
                0x00000200                        _Min_Heap_Size = 0x200
                0x00000400                        _Min_Stack_Size = 0x400

.isr_vector     0x08000000      0x298
                0x08000000                        . = ALIGN (0x4)
 *(.isr_vector)
 .isr_vector    0x08000000      0x298 ./Core/Startup/startup_stm32h753zitx.o
                0x08000000                g_pfnVectors
                0x08000298                        . = ALIGN (0x4)

.text           0x080002a0     0xd4d0
                0x080002a0                        . = ALIGN (0x4)
 *(.text)
 .text          0x080002a0       0x40 /Applications/STM32CubeIDE.app/Contents/Eclipse/plugins/com.st.stm32cube.ide.mcu.externaltools.gnu-tools-for-stm32.13.3.rel1.macos64_1.0.100.202509120712/tools/bin/../lib/gcc/arm-none-eabi/13.3.1/thumb/v7e-m+dp/hard/crtbegin.o
 .text          0x080002e0       0xa0 /Applications/STM32CubeIDE.app/Contents/Eclipse/plugins/com.st.stm32cube.ide.mcu.externaltools.gnu-tools-for-stm32.13.3.rel1.macos64_1.0.100.202509120712/tools/bin/../lib/gcc/arm-none-eabi/13.3.1/../../../../arm-none-eabi/lib/thumb/v7e-m+dp/hard/libc_nano.a(libc_a-memchr.o)
                0x080002e0                memchr
 .text          0x08000380       0x30 /Applications/STM32CubeIDE.app/Contents/Eclipse/plugins/com.st.stm32cube.ide.mcu.externaltools.gnu-tools-for-stm32.13.3.rel1.macos64_1.0.100.202509120712/tools/bin/../lib/gcc/arm-none-eabi/13.3.1/thumb/v7e-m+dp/hard/libgcc.a(_aeabi_uldivmod.o)
                0x08000380                __aeabi_uldivmod
 .text          0x080003b0      0x2f8 /Applications/STM32CubeIDE.app/Contents/Eclipse/plugins/com.st.stm32cube.ide.mcu.externaltools.gnu-tools-for-stm32.13.3.rel1.macos64_1.0.100.202509120712/tools/bin/../lib/gcc/arm-none-eabi/13.3.1/thumb/v7e-m+dp/hard/libgcc.a(_udivmoddi4.o)
                0x080003b0                __udivmoddi4
 .text          0x080006a8        0x4 /Applications/STM32CubeIDE.app/Contents/Eclipse/plugins/com.st.stm32cube.ide.mcu.externaltools.gnu-tools-for-stm32.13.3.rel1.macos64_1.0.100.202509120712/tools/bin/../lib/gcc/arm-none-eabi/13.3.1/thumb/v7e-m+dp/hard/libgcc.a(_dvmd_tls.o)
                0x080006a8                __aeabi_ldiv0
                0x080006a8                __aeabi_idiv0
 *(.text*)
 .text.ms5611_cs_low
                0x080006ac       0x18 ./Core/Src/MS5611_driver.o
 .text.ms5611_cs_high
                0x080006c4       0x18 ./Core/Src/MS5611_driver.o
 .text.ms5611_lock
                0x080006dc       0x34 ./Core/Src/MS5611_driver.o
 .text.ms5611_unlock
                0x08000710       0x18 ./Core/Src/MS5611_driver.o
 .text.ms5611_spi_cmd
                0x08000728       0x5c ./Core/Src/MS5611_driver.o
 .text.ms5611_read_adc24
                0x08000784       0x80 ./Core/Src/MS5611_driver.o
 .text.ms5611_read_prom16
                0x08000804       0x9c ./Core/Src/MS5611_driver.o
 .text.MS5611_init
                0x080008a0       0x44 ./Core/Src/MS5611_driver.o
                0x080008a0                MS5611_init
 .text.MS5611_read_PROM
                0x080008e4       0x74 ./Core/Src/MS5611_driver.o
 .text.MS5611_get_data
                0x08000958       0x5c ./Core/Src/MS5611_driver.o
                0x08000958                MS5611_get_data
 .text.ms5611_read_raw
                0x080009b4       0x70 ./Core/Src/MS5611_driver.o
 .text.calculate_pressure
                0x08000a24      0x528 ./Core/Src/MS5611_driver.o
 .text.MX_FREERTOS_Init
                0x08000f4c       0x34 ./Core/Src/freertos.o
                0x08000f4c                MX_FREERTOS_Init
 .text.CAN_RxAppInit
                0x08000f80       0xbc ./Core/Src/main.o
 .text.HAL_FDCAN_RxFifo0Callback
                0x0800103c       0x44 ./Core/Src/main.o
                0x0800103c                HAL_FDCAN_RxFifo0Callback
 .text.main     0x08001080      0x114 ./Core/Src/main.o
                0x08001080                main
 .text.SystemClock_Config
                0x08001194       0xfc ./Core/Src/main.o
                0x08001194                SystemClock_Config
 .text.MX_FDCAN1_Init
                0x08001290       0xc8 ./Core/Src/main.o
 .text.MX_SPI1_Init
                0x08001358       0xac ./Core/Src/main.o
 .text.MX_GPIO_Init
                0x08001404       0xec ./Core/Src/main.o
 .text.StartTask1
                0x080014f0       0x6c ./Core/Src/main.o
                0x080014f0                StartTask1
 .text.StartTask2
                0x0800155c       0x12 ./Core/Src/main.o
                0x0800155c                StartTask2
 *fill*         0x0800156e        0x2 
 .text.StartCanRxTask
                0x08001570       0xe0 ./Core/Src/main.o
                0x08001570                StartCanRxTask
 .text.StartCanTxTask
                0x08001650       0xe8 ./Core/Src/main.o
                0x08001650                StartCanTxTask
 .text.HAL_TIM_PeriodElapsedCallback
                0x08001738       0x24 ./Core/Src/main.o
                0x08001738                HAL_TIM_PeriodElapsedCallback
 .text.Error_Handler
                0x0800175c        0xc ./Core/Src/main.o
                0x0800175c                Error_Handler
 .text.HAL_MspInit
                0x08001768       0x3c ./Core/Src/stm32h7xx_hal_msp.o
                0x08001768                HAL_MspInit
 .text.HAL_FDCAN_MspInit
                0x080017a4       0xe4 ./Core/Src/stm32h7xx_hal_msp.o
                0x080017a4                HAL_FDCAN_MspInit
 .text.HAL_SPI_MspInit
                0x08001888       0xd0 ./Core/Src/stm32h7xx_hal_msp.o
                0x08001888                HAL_SPI_MspInit
 .text.HAL_InitTick
                0x08001958       0xd8 ./Core/Src/stm32h7xx_hal_timebase_tim.o
                0x08001958                HAL_InitTick
 .text.NMI_Handler
                0x08001a30        0x8 ./Core/Src/stm32h7xx_it.o
                0x08001a30                NMI_Handler
 .text.HardFault_Handler
                0x08001a38        0x8 ./Core/Src/stm32h7xx_it.o
                0x08001a38                HardFault_Handler
 .text.MemManage_Handler
                0x08001a40        0x8 ./Core/Src/stm32h7xx_it.o
                0x08001a40                MemManage_Handler
 .text.BusFault_Handler
                0x08001a48        0x8 ./Core/Src/stm32h7xx_it.o
                0x08001a48                BusFault_Handler
 .text.UsageFault_Handler
                0x08001a50        0x8 ./Core/Src/stm32h7xx_it.o
                0x08001a50                UsageFault_Handler
 .text.DebugMon_Handler
                0x08001a58        0xe ./Core/Src/stm32h7xx_it.o
                0x08001a58                DebugMon_Handler
 .text.EXTI15_10_IRQHandler
                0x08001a66        0xe ./Core/Src/stm32h7xx_it.o
                0x08001a66                EXTI15_10_IRQHandler
 .text.FDCAN1_IT0_IRQHandler
                0x08001a74       0x14 ./Core/Src/stm32h7xx_it.o
                0x08001a74                FDCAN1_IT0_IRQHandler
 .text.TIM6_DAC_IRQHandler
                0x08001a88       0x14 ./Core/Src/stm32h7xx_it.o
                0x08001a88                TIM6_DAC_IRQHandler
 .text.ITM_SendChar
                0x08001a9c       0x50 ./Core/Src/syscalls.o
                0x08001a9c                ITM_SendChar
 .text._read    0x08001aec       0x3a ./Core/Src/syscalls.o
                0x08001aec                _read
 .text._write   0x08001b26       0x38 ./Core/Src/syscalls.o
                0x08001b26                _write
 .text._close   0x08001b5e       0x18 ./Core/Src/syscalls.o
                0x08001b5e                _close
 .text._fstat   0x08001b76       0x20 ./Core/Src/syscalls.o
                0x08001b76                _fstat
 .text._isatty  0x08001b96       0x16 ./Core/Src/syscalls.o
                0x08001b96                _isatty
 .text._lseek   0x08001bac       0x1a ./Core/Src/syscalls.o
                0x08001bac                _lseek
 *fill*         0x08001bc6        0x2 
 .text._sbrk    0x08001bc8       0x6c ./Core/Src/sysmem.o
                0x08001bc8                _sbrk
 .text.SystemInit
                0x08001c34      0x140 ./Core/Src/system_stm32h7xx.o
                0x08001c34                SystemInit
 .text.ExitRun0Mode
                0x08001d74       0x30 ./Core/Src/system_stm32h7xx.o
                0x08001d74                ExitRun0Mode
 .text.Reset_Handler
                0x08001da4       0x54 ./Core/Startup/startup_stm32h753zitx.o
                0x08001da4                Reset_Handler
 .text.Default_Handler
                0x08001df8        0x2 ./Core/Startup/startup_stm32h753zitx.o
                0x08001df8                DMA1_Stream3_IRQHandler
                0x08001df8                HASH_RNG_IRQHandler
                0x08001df8                EXTI2_IRQHandler
                0x08001df8                TIM8_CC_IRQHandler
                0x08001df8                HRTIM1_Master_IRQHandler
                0x08001df8                UART8_IRQHandler
                0x08001df8                SPI4_IRQHandler
                0x08001df8                TIM1_CC_IRQHandler
                0x08001df8                BDMA_Channel6_IRQHandler
                0x08001df8                DMA2_Stream5_IRQHandler
                0x08001df8                HRTIM1_FLT_IRQHandler
                0x08001df8                JPEG_IRQHandler
                0x08001df8                DMA1_Stream5_IRQHandler
                0x08001df8                BDMA_Channel1_IRQHandler
                0x08001df8                HRTIM1_TIMD_IRQHandler
                0x08001df8                TAMP_STAMP_IRQHandler
                0x08001df8                EXTI3_IRQHandler
                0x08001df8                LPTIM4_IRQHandler
                0x08001df8                TIM8_TRG_COM_TIM14_IRQHandler
                0x08001df8                LPTIM2_IRQHandler
                0x08001df8                DFSDM1_FLT1_IRQHandler
                0x08001df8                DMAMUX2_OVR_IRQHandler
                0x08001df8                TIM8_UP_TIM13_IRQHandler
                0x08001df8                I2C3_ER_IRQHandler
                0x08001df8                DFSDM1_FLT2_IRQHandler
                0x08001df8                MDMA_IRQHandler
                0x08001df8                LPTIM3_IRQHandler
                0x08001df8                HSEM1_IRQHandler
                0x08001df8                EXTI0_IRQHandler
                0x08001df8                I2C2_EV_IRQHandler
                0x08001df8                DMA1_Stream2_IRQHandler
                0x08001df8                FPU_IRQHandler
                0x08001df8                OTG_HS_WKUP_IRQHandler
                0x08001df8                FDCAN1_IT1_IRQHandler
                0x08001df8                LTDC_ER_IRQHandler
                0x08001df8                DMA2_Stream2_IRQHandler
                0x08001df8                HRTIM1_TIME_IRQHandler
                0x08001df8                SPI1_IRQHandler
                0x08001df8                DCMI_IRQHandler
                0x08001df8                HRTIM1_TIMC_IRQHandler
                0x08001df8                DMA2_Stream3_IRQHandler
                0x08001df8                SAI2_IRQHandler
                0x08001df8                DFSDM1_FLT3_IRQHandler
                0x08001df8                USART6_IRQHandler
                0x08001df8                TIM17_IRQHandler
                0x08001df8                USART3_IRQHandler
                0x08001df8                BDMA_Channel7_IRQHandler
                0x08001df8                CRYP_IRQHandler
                0x08001df8                LPTIM5_IRQHandler
                0x08001df8                UART5_IRQHandler
                0x08001df8                ADC3_IRQHandler
                0x08001df8                DMA2_Stream0_IRQHandler
                0x08001df8                TIM4_IRQHandler
                0x08001df8                BDMA_Channel2_IRQHandler
                0x08001df8                QUADSPI_IRQHandler
                0x08001df8                I2C1_EV_IRQHandler
                0x08001df8                DMA1_Stream6_IRQHandler
                0x08001df8                DMAMUX1_OVR_IRQHandler
                0x08001df8                DMA1_Stream1_IRQHandler
                0x08001df8                TIM16_IRQHandler
                0x08001df8                UART4_IRQHandler
                0x08001df8                BDMA_Channel5_IRQHandler
                0x08001df8                TIM3_IRQHandler
                0x08001df8                RCC_IRQHandler
                0x08001df8                TIM8_BRK_TIM12_IRQHandler
                0x08001df8                TIM1_TRG_COM_IRQHandler
                0x08001df8                Default_Handler
                0x08001df8                ECC_IRQHandler
                0x08001df8                CEC_IRQHandler
                0x08001df8                BDMA_Channel0_IRQHandler
                0x08001df8                ADC_IRQHandler
                0x08001df8                DMA1_Stream7_IRQHandler
                0x08001df8                HRTIM1_TIMA_IRQHandler
                0x08001df8                SPI5_IRQHandler
                0x08001df8                TIM7_IRQHandler
                0x08001df8                SDMMC1_IRQHandler
                0x08001df8                TIM5_IRQHandler
                0x08001df8                DMA2_Stream7_IRQHandler
                0x08001df8                TIM15_IRQHandler
                0x08001df8                PVD_AVD_IRQHandler
                0x08001df8                I2C3_EV_IRQHandler
                0x08001df8                EXTI9_5_IRQHandler
                0x08001df8                RTC_WKUP_IRQHandler
                0x08001df8                LTDC_IRQHandler
                0x08001df8                SAI3_IRQHandler
                0x08001df8                ETH_WKUP_IRQHandler
                0x08001df8                SPDIF_RX_IRQHandler
                0x08001df8                SPI2_IRQHandler
                0x08001df8                OTG_HS_EP1_IN_IRQHandler
                0x08001df8                DMA1_Stream0_IRQHandler
                0x08001df8                CRS_IRQHandler
                0x08001df8                EXTI4_IRQHandler
                0x08001df8                HRTIM1_TIMB_IRQHandler
                0x08001df8                FDCAN2_IT1_IRQHandler
                0x08001df8                ETH_IRQHandler
                0x08001df8                TIM1_UP_IRQHandler
                0x08001df8                BDMA_Channel4_IRQHandler
                0x08001df8                OTG_HS_EP1_OUT_IRQHandler
                0x08001df8                WWDG_IRQHandler
                0x08001df8                SPI6_IRQHandler
                0x08001df8                MDIOS_IRQHandler
                0x08001df8                I2C4_EV_IRQHandler
                0x08001df8                FDCAN2_IT0_IRQHandler
                0x08001df8                LPUART1_IRQHandler
                0x08001df8                TIM2_IRQHandler
                0x08001df8                OTG_FS_WKUP_IRQHandler
                0x08001df8                OTG_HS_IRQHandler
                0x08001df8                DMA2D_IRQHandler
                0x08001df8                TIM1_BRK_IRQHandler
                0x08001df8                EXTI1_IRQHandler
                0x08001df8                SDMMC2_IRQHandler
                0x08001df8                OTG_FS_EP1_OUT_IRQHandler
                0x08001df8                BDMA_Channel3_IRQHandler
                0x08001df8                UART7_IRQHandler
                0x08001df8                MDIOS_WKUP_IRQHandler
                0x08001df8                USART2_IRQHandler
                0x08001df8                DFSDM1_FLT0_IRQHandler
                0x08001df8                SAI4_IRQHandler
                0x08001df8                I2C2_ER_IRQHandler
                0x08001df8                DMA2_Stream1_IRQHandler
                0x08001df8                FLASH_IRQHandler
                0x08001df8                DMA2_Stream4_IRQHandler
                0x08001df8                USART1_IRQHandler
                0x08001df8                OTG_FS_IRQHandler
                0x08001df8                SPI3_IRQHandler
                0x08001df8                WAKEUP_PIN_IRQHandler
                0x08001df8                DMA1_Stream4_IRQHandler
                0x08001df8                OTG_FS_EP1_IN_IRQHandler
                0x08001df8                I2C1_ER_IRQHandler
                0x08001df8                FMC_IRQHandler
                0x08001df8                FDCAN_CAL_IRQHandler
                0x08001df8                SWPMI1_IRQHandler
                0x08001df8                COMP1_IRQHandler
                0x08001df8                LPTIM1_IRQHandler
                0x08001df8                I2C4_ER_IRQHandler
                0x08001df8                DMA2_Stream6_IRQHandler
                0x08001df8                SAI1_IRQHandler
                0x08001df8                RTC_Alarm_IRQHandler
 *fill*         0x08001dfa        0x2 
 .text.BSP_LED_Init
                0x08001dfc       0xec ./Drivers/BSP/STM32H7xx_Nucleo/stm32h7xx_nucleo.o
                0x08001dfc                BSP_LED_Init
 .text.BSP_PB_Init
                0x08001ee8       0xe4 ./Drivers/BSP/STM32H7xx_Nucleo/stm32h7xx_nucleo.o
                0x08001ee8                BSP_PB_Init
 .text.BSP_PB_IRQHandler
                0x08001fcc       0x24 ./Drivers/BSP/STM32H7xx_Nucleo/stm32h7xx_nucleo.o
                0x08001fcc                BSP_PB_IRQHandler
 .text.BSP_PB_Callback
                0x08001ff0       0x16 ./Drivers/BSP/STM32H7xx_Nucleo/stm32h7xx_nucleo.o
                0x08001ff0                BSP_PB_Callback
 *fill*         0x08002006        0x2 
 .text.BSP_COM_Init
                0x08002008       0x60 ./Drivers/BSP/STM32H7xx_Nucleo/stm32h7xx_nucleo.o
                0x08002008                BSP_COM_Init
 .text.MX_USART3_Init
                0x08002068       0x64 ./Drivers/BSP/STM32H7xx_Nucleo/stm32h7xx_nucleo.o
                0x08002068                MX_USART3_Init
 .text.BUTTON_USER_EXTI_Callback
                0x080020cc        0xe ./Drivers/BSP/STM32H7xx_Nucleo/stm32h7xx_nucleo.o
 *fill*         0x080020da        0x2 
 .text.COM1_MspInit
                0x080020dc       0xb0 ./Drivers/BSP/STM32H7xx_Nucleo/stm32h7xx_nucleo.o
 .text.HAL_Init
                0x0800218c       0x78 ./Drivers/STM32H7xx_HAL_Driver/Src/stm32h7xx_hal.o
                0x0800218c                HAL_Init
 .text.HAL_IncTick
                0x08002204       0x28 ./Drivers/STM32H7xx_HAL_Driver/Src/stm32h7xx_hal.o
                0x08002204                HAL_IncTick
 .text.HAL_GetTick
                0x0800222c       0x18 ./Drivers/STM32H7xx_HAL_Driver/Src/stm32h7xx_hal.o
                0x0800222c                HAL_GetTick
 .text.HAL_GetREVID
                0x08002244       0x18 ./Drivers/STM32H7xx_HAL_Driver/Src/stm32h7xx_hal.o
                0x08002244                HAL_GetREVID
 .text.__NVIC_SetPriorityGrouping
                0x0800225c       0x48 ./Drivers/STM32H7xx_HAL_Driver/Src/stm32h7xx_hal_cortex.o
 .text.__NVIC_GetPriorityGrouping
                0x080022a4       0x1c ./Drivers/STM32H7xx_HAL_Driver/Src/stm32h7xx_hal_cortex.o
 .text.__NVIC_EnableIRQ
                0x080022c0       0x3c ./Drivers/STM32H7xx_HAL_Driver/Src/stm32h7xx_hal_cortex.o
 .text.__NVIC_SetPriority
                0x080022fc       0x54 ./Drivers/STM32H7xx_HAL_Driver/Src/stm32h7xx_hal_cortex.o
 .text.NVIC_EncodePriority
                0x08002350       0x66 ./Drivers/STM32H7xx_HAL_Driver/Src/stm32h7xx_hal_cortex.o
 .text.HAL_NVIC_SetPriorityGrouping
                0x080023b6       0x16 ./Drivers/STM32H7xx_HAL_Driver/Src/stm32h7xx_hal_cortex.o
                0x080023b6                HAL_NVIC_SetPriorityGrouping
 .text.HAL_NVIC_SetPriority
                0x080023cc       0x34 ./Drivers/STM32H7xx_HAL_Driver/Src/stm32h7xx_hal_cortex.o
                0x080023cc                HAL_NVIC_SetPriority
 .text.HAL_NVIC_EnableIRQ
                0x08002400       0x1c ./Drivers/STM32H7xx_HAL_Driver/Src/stm32h7xx_hal_cortex.o
                0x08002400                HAL_NVIC_EnableIRQ
 .text.HAL_EXTI_RegisterCallback
                0x0800241c       0x3e ./Drivers/STM32H7xx_HAL_Driver/Src/stm32h7xx_hal_exti.o
                0x0800241c                HAL_EXTI_RegisterCallback
 .text.HAL_EXTI_GetHandle
                0x0800245a       0x28 ./Drivers/STM32H7xx_HAL_Driver/Src/stm32h7xx_hal_exti.o
                0x0800245a                HAL_EXTI_GetHandle
 *fill*         0x08002482        0x2 
 .text.HAL_EXTI_IRQHandler
                0x08002484       0x60 ./Drivers/STM32H7xx_HAL_Driver/Src/stm32h7xx_hal_exti.o
                0x08002484                HAL_EXTI_IRQHandler
 .text.HAL_FDCAN_Init
                0x080024e4      0x3bc ./Drivers/STM32H7xx_HAL_Driver/Src/stm32h7xx_hal_fdcan.o
                0x080024e4                HAL_FDCAN_Init
 .text.HAL_FDCAN_ConfigFilter
                0x080028a0       0xec ./Drivers/STM32H7xx_HAL_Driver/Src/stm32h7xx_hal_fdcan.o
                0x080028a0                HAL_FDCAN_ConfigFilter
 .text.HAL_FDCAN_ConfigGlobalFilter
                0x0800298c       0x5a ./Drivers/STM32H7xx_HAL_Driver/Src/stm32h7xx_hal_fdcan.o
                0x0800298c                HAL_FDCAN_ConfigGlobalFilter
 .text.HAL_FDCAN_Start
                0x080029e6       0x56 ./Drivers/STM32H7xx_HAL_Driver/Src/stm32h7xx_hal_fdcan.o
                0x080029e6                HAL_FDCAN_Start
 .text.HAL_FDCAN_AddMessageToTxFifoQ
                0x08002a3c       0xb6 ./Drivers/STM32H7xx_HAL_Driver/Src/stm32h7xx_hal_fdcan.o
                0x08002a3c                HAL_FDCAN_AddMessageToTxFifoQ
 *fill*         0x08002af2        0x2 
 .text.HAL_FDCAN_GetRxMessage
                0x08002af4      0x2d8 ./Drivers/STM32H7xx_HAL_Driver/Src/stm32h7xx_hal_fdcan.o
                0x08002af4                HAL_FDCAN_GetRxMessage
 .text.HAL_FDCAN_GetRxFifoFillLevel
                0x08002dcc       0x3c ./Drivers/STM32H7xx_HAL_Driver/Src/stm32h7xx_hal_fdcan.o
                0x08002dcc                HAL_FDCAN_GetRxFifoFillLevel
 .text.HAL_FDCAN_GetTxFifoFreeLevel
                0x08002e08       0x24 ./Drivers/STM32H7xx_HAL_Driver/Src/stm32h7xx_hal_fdcan.o
                0x08002e08                HAL_FDCAN_GetTxFifoFreeLevel
 .text.HAL_FDCAN_ActivateNotification
                0x08002e2c       0xf4 ./Drivers/STM32H7xx_HAL_Driver/Src/stm32h7xx_hal_fdcan.o
                0x08002e2c                HAL_FDCAN_ActivateNotification
 .text.HAL_FDCAN_IRQHandler
                0x08002f20      0x4bc ./Drivers/STM32H7xx_HAL_Driver/Src/stm32h7xx_hal_fdcan.o
                0x08002f20                HAL_FDCAN_IRQHandler
 .text.HAL_FDCAN_ClockCalibrationCallback
                0x080033dc       0x16 ./Drivers/STM32H7xx_HAL_Driver/Src/stm32h7xx_hal_fdcan.o
                0x080033dc                HAL_FDCAN_ClockCalibrationCallback
 .text.HAL_FDCAN_TxEventFifoCallback
                0x080033f2       0x16 ./Drivers/STM32H7xx_HAL_Driver/Src/stm32h7xx_hal_fdcan.o
                0x080033f2                HAL_FDCAN_TxEventFifoCallback
 .text.HAL_FDCAN_RxFifo1Callback
                0x08003408       0x16 ./Drivers/STM32H7xx_HAL_Driver/Src/stm32h7xx_hal_fdcan.o
                0x08003408                HAL_FDCAN_RxFifo1Callback
 .text.HAL_FDCAN_TxFifoEmptyCallback
                0x0800341e       0x14 ./Drivers/STM32H7xx_HAL_Driver/Src/stm32h7xx_hal_fdcan.o
                0x0800341e                HAL_FDCAN_TxFifoEmptyCallback
 .text.HAL_FDCAN_TxBufferCompleteCallback
                0x08003432       0x16 ./Drivers/STM32H7xx_HAL_Driver/Src/stm32h7xx_hal_fdcan.o
                0x08003432                HAL_FDCAN_TxBufferCompleteCallback
 .text.HAL_FDCAN_TxBufferAbortCallback
                0x08003448       0x16 ./Drivers/STM32H7xx_HAL_Driver/Src/stm32h7xx_hal_fdcan.o
                0x08003448                HAL_FDCAN_TxBufferAbortCallback
 .text.HAL_FDCAN_RxBufferNewMessageCallback
                0x0800345e       0x14 ./Drivers/STM32H7xx_HAL_Driver/Src/stm32h7xx_hal_fdcan.o
                0x0800345e                HAL_FDCAN_RxBufferNewMessageCallback
 .text.HAL_FDCAN_TimestampWraparoundCallback
                0x08003472       0x14 ./Drivers/STM32H7xx_HAL_Driver/Src/stm32h7xx_hal_fdcan.o
                0x08003472                HAL_FDCAN_TimestampWraparoundCallback
 .text.HAL_FDCAN_TimeoutOccurredCallback
                0x08003486       0x14 ./Drivers/STM32H7xx_HAL_Driver/Src/stm32h7xx_hal_fdcan.o
                0x08003486                HAL_FDCAN_TimeoutOccurredCallback
 .text.HAL_FDCAN_HighPriorityMessageCallback
                0x0800349a       0x14 ./Drivers/STM32H7xx_HAL_Driver/Src/stm32h7xx_hal_fdcan.o
                0x0800349a                HAL_FDCAN_HighPriorityMessageCallback
 .text.HAL_FDCAN_ErrorCallback
                0x080034ae       0x14 ./Drivers/STM32H7xx_HAL_Driver/Src/stm32h7xx_hal_fdcan.o
                0x080034ae                HAL_FDCAN_ErrorCallback
 .text.HAL_FDCAN_ErrorStatusCallback
                0x080034c2       0x16 ./Drivers/STM32H7xx_HAL_Driver/Src/stm32h7xx_hal_fdcan.o
                0x080034c2                HAL_FDCAN_ErrorStatusCallback
 .text.HAL_FDCAN_TT_ScheduleSyncCallback
                0x080034d8       0x16 ./Drivers/STM32H7xx_HAL_Driver/Src/stm32h7xx_hal_fdcan.o
                0x080034d8                HAL_FDCAN_TT_ScheduleSyncCallback
 .text.HAL_FDCAN_TT_TimeMarkCallback
                0x080034ee       0x16 ./Drivers/STM32H7xx_HAL_Driver/Src/stm32h7xx_hal_fdcan.o
                0x080034ee                HAL_FDCAN_TT_TimeMarkCallback
 .text.HAL_FDCAN_TT_StopWatchCallback
                0x08003504       0x18 ./Drivers/STM32H7xx_HAL_Driver/Src/stm32h7xx_hal_fdcan.o
                0x08003504                HAL_FDCAN_TT_StopWatchCallback
 .text.HAL_FDCAN_TT_GlobalTimeCallback
                0x0800351c       0x16 ./Drivers/STM32H7xx_HAL_Driver/Src/stm32h7xx_hal_fdcan.o
                0x0800351c                HAL_FDCAN_TT_GlobalTimeCallback
 *fill*         0x08003532        0x2 
 .text.FDCAN_CalcultateRamBlockAddresses
                0x08003534      0x30c ./Drivers/STM32H7xx_HAL_Driver/Src/stm32h7xx_hal_fdcan.o
 .text.FDCAN_CopyMessageToRAM
                0x08003840       0xfc ./Drivers/STM32H7xx_HAL_Driver/Src/stm32h7xx_hal_fdcan.o
 .text.HAL_GPIO_Init
                0x0800393c      0x360 ./Drivers/STM32H7xx_HAL_Driver/Src/stm32h7xx_hal_gpio.o
                0x0800393c                HAL_GPIO_Init
 .text.HAL_GPIO_WritePin
                0x08003c9c       0x32 ./Drivers/STM32H7xx_HAL_Driver/Src/stm32h7xx_hal_gpio.o
                0x08003c9c                HAL_GPIO_WritePin
 *fill*         0x08003cce        0x2 
 .text.HAL_PWREx_ConfigSupply
                0x08003cd0       0x74 ./Drivers/STM32H7xx_HAL_Driver/Src/stm32h7xx_hal_pwr_ex.o
                0x08003cd0                HAL_PWREx_ConfigSupply
 .text.HAL_RCC_OscConfig
                0x08003d44      0x8b4 ./Drivers/STM32H7xx_HAL_Driver/Src/stm32h7xx_hal_rcc.o
                0x08003d44                HAL_RCC_OscConfig
 .text.HAL_RCC_ClockConfig
                0x080045f8      0x36c ./Drivers/STM32H7xx_HAL_Driver/Src/stm32h7xx_hal_rcc.o
                0x080045f8                HAL_RCC_ClockConfig
 .text.HAL_RCC_GetSysClockFreq
                0x08004964      0x2f4 ./Drivers/STM32H7xx_HAL_Driver/Src/stm32h7xx_hal_rcc.o
                0x08004964                HAL_RCC_GetSysClockFreq
 .text.HAL_RCC_GetHCLKFreq
                0x08004c58       0x60 ./Drivers/STM32H7xx_HAL_Driver/Src/stm32h7xx_hal_rcc.o
                0x08004c58                HAL_RCC_GetHCLKFreq
 .text.HAL_RCC_GetPCLK1Freq
                0x08004cb8       0x2c ./Drivers/STM32H7xx_HAL_Driver/Src/stm32h7xx_hal_rcc.o
                0x08004cb8                HAL_RCC_GetPCLK1Freq
 .text.HAL_RCC_GetPCLK2Freq
                0x08004ce4       0x2c ./Drivers/STM32H7xx_HAL_Driver/Src/stm32h7xx_hal_rcc.o
                0x08004ce4                HAL_RCC_GetPCLK2Freq
 .text.HAL_RCC_GetClockConfig
                0x08004d10       0x84 ./Drivers/STM32H7xx_HAL_Driver/Src/stm32h7xx_hal_rcc.o
                0x08004d10                HAL_RCC_GetClockConfig
 .text.HAL_RCCEx_PeriphCLKConfig
                0x08004d94     0x1414 ./Drivers/STM32H7xx_HAL_Driver/Src/stm32h7xx_hal_rcc_ex.o
                0x08004d94                HAL_RCCEx_PeriphCLKConfig
 .text.HAL_RCCEx_GetD3PCLK1Freq
                0x080061a8       0x2c ./Drivers/STM32H7xx_HAL_Driver/Src/stm32h7xx_hal_rcc_ex.o
                0x080061a8                HAL_RCCEx_GetD3PCLK1Freq
 .text.HAL_RCCEx_GetPLL2ClockFreq
                0x080061d4      0x2a8 ./Drivers/STM32H7xx_HAL_Driver/Src/stm32h7xx_hal_rcc_ex.o
                0x080061d4                HAL_RCCEx_GetPLL2ClockFreq
 .text.HAL_RCCEx_GetPLL3ClockFreq
                0x0800647c      0x2a8 ./Drivers/STM32H7xx_HAL_Driver/Src/stm32h7xx_hal_rcc_ex.o
                0x0800647c                HAL_RCCEx_GetPLL3ClockFreq
 .text.RCCEx_PLL2_Config
                0x08006724      0x164 ./Drivers/STM32H7xx_HAL_Driver/Src/stm32h7xx_hal_rcc_ex.o
 .text.RCCEx_PLL3_Config
                0x08006888      0x164 ./Drivers/STM32H7xx_HAL_Driver/Src/stm32h7xx_hal_rcc_ex.o
 .text.HAL_SPI_Init
                0x080069ec      0x248 ./Drivers/STM32H7xx_HAL_Driver/Src/stm32h7xx_hal_spi.o
                0x080069ec                HAL_SPI_Init
 .text.HAL_SPI_Transmit
                0x08006c34      0x3dc ./Drivers/STM32H7xx_HAL_Driver/Src/stm32h7xx_hal_spi.o
                0x08006c34                HAL_SPI_Transmit
 .text.HAL_SPI_TransmitReceive
                0x08007010      0x674 ./Drivers/STM32H7xx_HAL_Driver/Src/stm32h7xx_hal_spi.o
                0x08007010                HAL_SPI_TransmitReceive
 .text.SPI_CloseTransfer
                0x08007684      0x140 ./Drivers/STM32H7xx_HAL_Driver/Src/stm32h7xx_hal_spi.o
 .text.SPI_WaitOnFlagUntilTimeout
                0x080077c4       0x5c ./Drivers/STM32H7xx_HAL_Driver/Src/stm32h7xx_hal_spi.o
 .text.SPI_GetPacketSize
                0x08007820       0x36 ./Drivers/STM32H7xx_HAL_Driver/Src/stm32h7xx_hal_spi.o
 .text.HAL_TIM_Base_Init
                0x08007856       0xae ./Drivers/STM32H7xx_HAL_Driver/Src/stm32h7xx_hal_tim.o
                0x08007856                HAL_TIM_Base_Init
 .text.HAL_TIM_Base_MspInit
                0x08007904       0x14 ./Drivers/STM32H7xx_HAL_Driver/Src/stm32h7xx_hal_tim.o
                0x08007904                HAL_TIM_Base_MspInit
 .text.HAL_TIM_Base_Start_IT
                0x08007918       0xf0 ./Drivers/STM32H7xx_HAL_Driver/Src/stm32h7xx_hal_tim.o
                0x08007918                HAL_TIM_Base_Start_IT
 .text.HAL_TIM_IRQHandler
                0x08007a08      0x20e ./Drivers/STM32H7xx_HAL_Driver/Src/stm32h7xx_hal_tim.o
                0x08007a08                HAL_TIM_IRQHandler
 .text.HAL_TIM_OC_DelayElapsedCallback
                0x08007c16       0x14 ./Drivers/STM32H7xx_HAL_Driver/Src/stm32h7xx_hal_tim.o
                0x08007c16                HAL_TIM_OC_DelayElapsedCallback
 .text.HAL_TIM_IC_CaptureCallback
                0x08007c2a       0x14 ./Drivers/STM32H7xx_HAL_Driver/Src/stm32h7xx_hal_tim.o
                0x08007c2a                HAL_TIM_IC_CaptureCallback
 .text.HAL_TIM_PWM_PulseFinishedCallback
                0x08007c3e       0x14 ./Drivers/STM32H7xx_HAL_Driver/Src/stm32h7xx_hal_tim.o
                0x08007c3e                HAL_TIM_PWM_PulseFinishedCallback
 .text.HAL_TIM_TriggerCallback
                0x08007c52       0x14 ./Drivers/STM32H7xx_HAL_Driver/Src/stm32h7xx_hal_tim.o
                0x08007c52                HAL_TIM_TriggerCallback
 *fill*         0x08007c66        0x2 
 .text.TIM_Base_SetConfig
                0x08007c68      0x140 ./Drivers/STM32H7xx_HAL_Driver/Src/stm32h7xx_hal_tim.o
                0x08007c68                TIM_Base_SetConfig
 .text.HAL_TIMEx_CommutCallback
                0x08007da8       0x14 ./Drivers/STM32H7xx_HAL_Driver/Src/stm32h7xx_hal_tim_ex.o
                0x08007da8                HAL_TIMEx_CommutCallback
 .text.HAL_TIMEx_BreakCallback
                0x08007dbc       0x14 ./Drivers/STM32H7xx_HAL_Driver/Src/stm32h7xx_hal_tim_ex.o
                0x08007dbc                HAL_TIMEx_BreakCallback
 .text.HAL_TIMEx_Break2Callback
                0x08007dd0       0x14 ./Drivers/STM32H7xx_HAL_Driver/Src/stm32h7xx_hal_tim_ex.o
                0x08007dd0                HAL_TIMEx_Break2Callback
 .text.HAL_UART_Init
                0x08007de4       0xa0 ./Drivers/STM32H7xx_HAL_Driver/Src/stm32h7xx_hal_uart.o
                0x08007de4                HAL_UART_Init
 .text.HAL_UART_MspInit
                0x08007e84       0x14 ./Drivers/STM32H7xx_HAL_Driver/Src/stm32h7xx_hal_uart.o
                0x08007e84                HAL_UART_MspInit
 .text.UART_SetConfig
                0x08007e98      0xad0 ./Drivers/STM32H7xx_HAL_Driver/Src/stm32h7xx_hal_uart.o
                0x08007e98                UART_SetConfig
 .text.UART_AdvFeatureConfig
                0x08008968      0x144 ./Drivers/STM32H7xx_HAL_Driver/Src/stm32h7xx_hal_uart.o
                0x08008968                UART_AdvFeatureConfig
 .text.UART_CheckIdleState
                0x08008aac      0x154 ./Drivers/STM32H7xx_HAL_Driver/Src/stm32h7xx_hal_uart.o
                0x08008aac                UART_CheckIdleState
 .text.UART_WaitOnFlagUntilTimeout
                0x08008c00       0xda ./Drivers/STM32H7xx_HAL_Driver/Src/stm32h7xx_hal_uart.o
                0x08008c00                UART_WaitOnFlagUntilTimeout
 *fill*         0x08008cda        0x2 
 .text.UART_EndRxTransfer
                0x08008cdc       0xcc ./Drivers/STM32H7xx_HAL_Driver/Src/stm32h7xx_hal_uart.o
 .text.__NVIC_SetPriority
                0x08008da8       0x54 ./Middlewares/Third_Party/FreeRTOS/Source/CMSIS_RTOS_V2/cmsis_os2.o
 .text.SysTick_Handler
                0x08008dfc       0x20 ./Middlewares/Third_Party/FreeRTOS/Source/CMSIS_RTOS_V2/cmsis_os2.o
                0x08008dfc                SysTick_Handler
 .text.SVC_Setup
                0x08008e1c       0x12 ./Middlewares/Third_Party/FreeRTOS/Source/CMSIS_RTOS_V2/cmsis_os2.o
 *fill*         0x08008e2e        0x2 
 .text.osKernelInitialize
                0x08008e30       0x48 ./Middlewares/Third_Party/FreeRTOS/Source/CMSIS_RTOS_V2/cmsis_os2.o
                0x08008e30                osKernelInitialize
 .text.osKernelStart
                0x08008e78       0x4c ./Middlewares/Third_Party/FreeRTOS/Source/CMSIS_RTOS_V2/cmsis_os2.o
                0x08008e78                osKernelStart
 .text.osThreadNew
                0x08008ec4      0x124 ./Middlewares/Third_Party/FreeRTOS/Source/CMSIS_RTOS_V2/cmsis_os2.o
                0x08008ec4                osThreadNew
 .text.osThreadGetId
                0x08008fe8       0x16 ./Middlewares/Third_Party/FreeRTOS/Source/CMSIS_RTOS_V2/cmsis_os2.o
                0x08008fe8                osThreadGetId
 *fill*         0x08008ffe        0x2 
 .text.osThreadFlagsSet
                0x08009000       0x9c ./Middlewares/Third_Party/FreeRTOS/Source/CMSIS_RTOS_V2/cmsis_os2.o
                0x08009000                osThreadFlagsSet
 .text.osThreadFlagsWait
                0x0800909c      0x102 ./Middlewares/Third_Party/FreeRTOS/Source/CMSIS_RTOS_V2/cmsis_os2.o
                0x0800909c                osThreadFlagsWait
 .text.osDelay  0x0800919e       0x36 ./Middlewares/Third_Party/FreeRTOS/Source/CMSIS_RTOS_V2/cmsis_os2.o
                0x0800919e                osDelay
 .text.osMutexNew
                0x080091d4      0x10c ./Middlewares/Third_Party/FreeRTOS/Source/CMSIS_RTOS_V2/cmsis_os2.o
                0x080091d4                osMutexNew
 .text.osMutexAcquire
                0x080092e0       0x96 ./Middlewares/Third_Party/FreeRTOS/Source/CMSIS_RTOS_V2/cmsis_os2.o
                0x080092e0                osMutexAcquire
 .text.osMutexRelease
                0x08009376       0x7a ./Middlewares/Third_Party/FreeRTOS/Source/CMSIS_RTOS_V2/cmsis_os2.o
                0x08009376                osMutexRelease
 .text.osMessageQueueNew
                0x080093f0       0xe6 ./Middlewares/Third_Party/FreeRTOS/Source/CMSIS_RTOS_V2/cmsis_os2.o
                0x080093f0                osMessageQueueNew
 *fill*         0x080094d6        0x2 
 .text.vApplicationGetIdleTaskMemory
                0x080094d8       0x34 ./Middlewares/Third_Party/FreeRTOS/Source/CMSIS_RTOS_V2/cmsis_os2.o
                0x080094d8                vApplicationGetIdleTaskMemory
 .text.vApplicationGetTimerTaskMemory
                0x0800950c       0x34 ./Middlewares/Third_Party/FreeRTOS/Source/CMSIS_RTOS_V2/cmsis_os2.o
                0x0800950c                vApplicationGetTimerTaskMemory
 .text.vListInitialise
                0x08009540       0x40 ./Middlewares/Third_Party/FreeRTOS/Source/list.o
                0x08009540                vListInitialise
 .text.vListInitialiseItem
                0x08009580       0x1a ./Middlewares/Third_Party/FreeRTOS/Source/list.o
                0x08009580                vListInitialiseItem
 .text.vListInsertEnd
                0x0800959a       0x48 ./Middlewares/Third_Party/FreeRTOS/Source/list.o
                0x0800959a                vListInsertEnd
 .text.vListInsert
                0x080095e2       0x72 ./Middlewares/Third_Party/FreeRTOS/Source/list.o
                0x080095e2                vListInsert
 .text.uxListRemove
                0x08009654       0x54 ./Middlewares/Third_Party/FreeRTOS/Source/list.o
                0x08009654                uxListRemove
 .text.xQueueGenericReset
                0x080096a8       0xd4 ./Middlewares/Third_Party/FreeRTOS/Source/queue.o
                0x080096a8                xQueueGenericReset
 .text.xQueueGenericCreateStatic
                0x0800977c       0xfa ./Middlewares/Third_Party/FreeRTOS/Source/queue.o
                0x0800977c                xQueueGenericCreateStatic
 .text.xQueueGenericCreate
                0x08009876       0x76 ./Middlewares/Third_Party/FreeRTOS/Source/queue.o
                0x08009876                xQueueGenericCreate
 .text.prvInitialiseNewQueue
                0x080098ec       0x46 ./Middlewares/Third_Party/FreeRTOS/Source/queue.o
 .text.prvInitialiseMutex
                0x08009932       0x34 ./Middlewares/Third_Party/FreeRTOS/Source/queue.o
 .text.xQueueCreateMutex
                0x08009966       0x30 ./Middlewares/Third_Party/FreeRTOS/Source/queue.o
                0x08009966                xQueueCreateMutex
 .text.xQueueCreateMutexStatic
                0x08009996       0x36 ./Middlewares/Third_Party/FreeRTOS/Source/queue.o
                0x08009996                xQueueCreateMutexStatic
 .text.xQueueGiveMutexRecursive
                0x080099cc       0x6a ./Middlewares/Third_Party/FreeRTOS/Source/queue.o
                0x080099cc                xQueueGiveMutexRecursive
 .text.xQueueTakeMutexRecursive
                0x08009a36       0x6e ./Middlewares/Third_Party/FreeRTOS/Source/queue.o
                0x08009a36                xQueueTakeMutexRecursive
 .text.xQueueGenericSend
                0x08009aa4      0x204 ./Middlewares/Third_Party/FreeRTOS/Source/queue.o
                0x08009aa4                xQueueGenericSend
 .text.xQueueGenericSendFromISR
                0x08009ca8      0x13c ./Middlewares/Third_Party/FreeRTOS/Source/queue.o
                0x08009ca8                xQueueGenericSendFromISR
 .text.xQueueReceive
                0x08009de4      0x1c4 ./Middlewares/Third_Party/FreeRTOS/Source/queue.o
                0x08009de4                xQueueReceive
 .text.xQueueSemaphoreTake
                0x08009fa8      0x220 ./Middlewares/Third_Party/FreeRTOS/Source/queue.o
                0x08009fa8                xQueueSemaphoreTake
 .text.prvGetDisinheritPriorityAfterTimeout
                0x0800a1c8       0x30 ./Middlewares/Third_Party/FreeRTOS/Source/queue.o
 .text.prvCopyDataToQueue
                0x0800a1f8       0xd4 ./Middlewares/Third_Party/FreeRTOS/Source/queue.o
 .text.prvCopyDataFromQueue
                0x0800a2cc       0x4c ./Middlewares/Third_Party/FreeRTOS/Source/queue.o
 .text.prvUnlockQueue
                0x0800a318       0xa4 ./Middlewares/Third_Party/FreeRTOS/Source/queue.o
 .text.prvIsQueueEmpty
                0x0800a3bc       0x2c ./Middlewares/Third_Party/FreeRTOS/Source/queue.o
 .text.prvIsQueueFull
                0x0800a3e8       0x30 ./Middlewares/Third_Party/FreeRTOS/Source/queue.o
 .text.vQueueAddToRegistry
                0x0800a418       0x54 ./Middlewares/Third_Party/FreeRTOS/Source/queue.o
                0x0800a418                vQueueAddToRegistry
 .text.vQueueWaitForMessageRestricted
                0x0800a46c       0x68 ./Middlewares/Third_Party/FreeRTOS/Source/queue.o
                0x0800a46c                vQueueWaitForMessageRestricted
 .text.xTaskCreateStatic
                0x0800a4d4       0xc0 ./Middlewares/Third_Party/FreeRTOS/Source/tasks.o
                0x0800a4d4                xTaskCreateStatic
 .text.xTaskCreate
                0x0800a594       0x8a ./Middlewares/Third_Party/FreeRTOS/Source/tasks.o
                0x0800a594                xTaskCreate
 .text.prvInitialiseNewTask
                0x0800a61e      0x120 ./Middlewares/Third_Party/FreeRTOS/Source/tasks.o
 *fill*         0x0800a73e        0x2 
 .text.prvAddNewTaskToReadyList
                0x0800a740       0xe0 ./Middlewares/Third_Party/FreeRTOS/Source/tasks.o
 .text.vTaskDelay
                0x0800a820       0x6c ./Middlewares/Third_Party/FreeRTOS/Source/tasks.o
                0x0800a820                vTaskDelay
 .text.vTaskStartScheduler
                0x0800a88c       0xd0 ./Middlewares/Third_Party/FreeRTOS/Source/tasks.o
                0x0800a88c                vTaskStartScheduler
 .text.vTaskSuspendAll
                0x0800a95c       0x1c ./Middlewares/Third_Party/FreeRTOS/Source/tasks.o
                0x0800a95c                vTaskSuspendAll
 .text.xTaskResumeAll
                0x0800a978      0x13c ./Middlewares/Third_Party/FreeRTOS/Source/tasks.o
                0x0800a978                xTaskResumeAll
 .text.xTaskGetTickCount
                0x0800aab4       0x20 ./Middlewares/Third_Party/FreeRTOS/Source/tasks.o
                0x0800aab4                xTaskGetTickCount
 .text.xTaskIncrementTick
                0x0800aad4      0x174 ./Middlewares/Third_Party/FreeRTOS/Source/tasks.o
                0x0800aad4                xTaskIncrementTick
 .text.vTaskSwitchContext
                0x0800ac48       0xbc ./Middlewares/Third_Party/FreeRTOS/Source/tasks.o
                0x0800ac48                vTaskSwitchContext
 .text.vTaskPlaceOnEventList
                0x0800ad04       0x4c ./Middlewares/Third_Party/FreeRTOS/Source/tasks.o
                0x0800ad04                vTaskPlaceOnEventList
 .text.vTaskPlaceOnEventListRestricted
                0x0800ad50       0x58 ./Middlewares/Third_Party/FreeRTOS/Source/tasks.o
                0x0800ad50                vTaskPlaceOnEventListRestricted
 .text.xTaskRemoveFromEventList
                0x0800ada8       0xc8 ./Middlewares/Third_Party/FreeRTOS/Source/tasks.o
                0x0800ada8                xTaskRemoveFromEventList
 .text.vTaskInternalSetTimeOutState
                0x0800ae70       0x2c ./Middlewares/Third_Party/FreeRTOS/Source/tasks.o
                0x0800ae70                vTaskInternalSetTimeOutState
 .text.xTaskCheckForTimeOut
                0x0800ae9c       0xc8 ./Middlewares/Third_Party/FreeRTOS/Source/tasks.o
                0x0800ae9c                xTaskCheckForTimeOut
 .text.vTaskMissedYield
                0x0800af64       0x18 ./Middlewares/Third_Party/FreeRTOS/Source/tasks.o
                0x0800af64                vTaskMissedYield
 .text.prvIdleTask
                0x0800af7c       0x30 ./Middlewares/Third_Party/FreeRTOS/Source/tasks.o
 .text.prvInitialiseTaskLists
                0x0800afac       0x80 ./Middlewares/Third_Party/FreeRTOS/Source/tasks.o
 .text.prvCheckTasksWaitingTermination
                0x0800b02c       0x5c ./Middlewares/Third_Party/FreeRTOS/Source/tasks.o
 .text.prvDeleteTCB
                0x0800b088       0x60 ./Middlewares/Third_Party/FreeRTOS/Source/tasks.o
 .text.prvResetNextTaskUnblockTime
                0x0800b0e8       0x40 ./Middlewares/Third_Party/FreeRTOS/Source/tasks.o
 .text.xTaskGetCurrentTaskHandle
                0x0800b128       0x20 ./Middlewares/Third_Party/FreeRTOS/Source/tasks.o
                0x0800b128                xTaskGetCurrentTaskHandle
 .text.xTaskGetSchedulerState
                0x0800b148       0x3c ./Middlewares/Third_Party/FreeRTOS/Source/tasks.o
                0x0800b148                xTaskGetSchedulerState
 .text.xTaskPriorityInherit
                0x0800b184       0xd0 ./Middlewares/Third_Party/FreeRTOS/Source/tasks.o
                0x0800b184                xTaskPriorityInherit
 .text.xTaskPriorityDisinherit
                0x0800b254       0xe0 ./Middlewares/Third_Party/FreeRTOS/Source/tasks.o
                0x0800b254                xTaskPriorityDisinherit
 .text.vTaskPriorityDisinheritAfterTimeout
                0x0800b334      0x108 ./Middlewares/Third_Party/FreeRTOS/Source/tasks.o
                0x0800b334                vTaskPriorityDisinheritAfterTimeout
 .text.pvTaskIncrementMutexHeldCount
                0x0800b43c       0x28 ./Middlewares/Third_Party/FreeRTOS/Source/tasks.o
                0x0800b43c                pvTaskIncrementMutexHeldCount
 .text.xTaskNotifyWait
                0x0800b464       0xb4 ./Middlewares/Third_Party/FreeRTOS/Source/tasks.o
                0x0800b464                xTaskNotifyWait
 .text.xTaskGenericNotify
                0x0800b518      0x174 ./Middlewares/Third_Party/FreeRTOS/Source/tasks.o
                0x0800b518                xTaskGenericNotify
 .text.xTaskGenericNotifyFromISR
                0x0800b68c      0x1c0 ./Middlewares/Third_Party/FreeRTOS/Source/tasks.o
                0x0800b68c                xTaskGenericNotifyFromISR
 .text.prvAddCurrentTaskToDelayedList
                0x0800b84c       0xa8 ./Middlewares/Third_Party/FreeRTOS/Source/tasks.o
 .text.xTimerCreateTimerTask
                0x0800b8f4       0x94 ./Middlewares/Third_Party/FreeRTOS/Source/timers.o
                0x0800b8f4                xTimerCreateTimerTask
 .text.xTimerGenericCommand
                0x0800b988       0x9c ./Middlewares/Third_Party/FreeRTOS/Source/timers.o
                0x0800b988                xTimerGenericCommand
 .text.prvProcessExpiredTimer
                0x0800ba24       0x9c ./Middlewares/Third_Party/FreeRTOS/Source/timers.o
 .text.prvTimerTask
                0x0800bac0       0x26 ./Middlewares/Third_Party/FreeRTOS/Source/timers.o
 *fill*         0x0800bae6        0x2 
 .text.prvProcessTimerOrBlockTask
                0x0800bae8       0x9c ./Middlewares/Third_Party/FreeRTOS/Source/timers.o
 .text.prvGetNextExpireTime
                0x0800bb84       0x48 ./Middlewares/Third_Party/FreeRTOS/Source/timers.o
 .text.prvSampleTimeNow
                0x0800bbcc       0x40 ./Middlewares/Third_Party/FreeRTOS/Source/timers.o
 .text.prvInsertTimerInActiveList
                0x0800bc0c       0x84 ./Middlewares/Third_Party/FreeRTOS/Source/timers.o
 .text.prvProcessReceivedCommands
                0x0800bc90      0x1cc ./Middlewares/Third_Party/FreeRTOS/Source/timers.o
 .text.prvSwitchTimerLists
                0x0800be5c       0xcc ./Middlewares/Third_Party/FreeRTOS/Source/timers.o
 .text.prvCheckForValidListAndQueue
                0x0800bf28       0x80 ./Middlewares/Third_Party/FreeRTOS/Source/timers.o
 .text.pxPortInitialiseStack
                0x0800bfa8       0x68 ./Middlewares/Third_Party/FreeRTOS/Source/portable/GCC/ARM_CM4F/port.o
                0x0800bfa8                pxPortInitialiseStack
 .text.prvTaskExitError
                0x0800c010       0x5c ./Middlewares/Third_Party/FreeRTOS/Source/portable/GCC/ARM_CM4F/port.o
 *fill*         0x0800c06c        0x4 
 .text.SVC_Handler
                0x0800c070       0x28 ./Middlewares/Third_Party/FreeRTOS/Source/portable/GCC/ARM_CM4F/port.o
                0x0800c070                SVC_Handler
 .text.prvPortStartFirstTask
                0x0800c098       0x28 ./Middlewares/Third_Party/FreeRTOS/Source/portable/GCC/ARM_CM4F/port.o
 .text.xPortStartScheduler
                0x0800c0c0      0x148 ./Middlewares/Third_Party/FreeRTOS/Source/portable/GCC/ARM_CM4F/port.o
                0x0800c0c0                xPortStartScheduler
 .text.vPortEnterCritical
                0x0800c208       0x64 ./Middlewares/Third_Party/FreeRTOS/Source/portable/GCC/ARM_CM4F/port.o
                0x0800c208                vPortEnterCritical
 .text.vPortExitCritical
                0x0800c26c       0x54 ./Middlewares/Third_Party/FreeRTOS/Source/portable/GCC/ARM_CM4F/port.o
                0x0800c26c                vPortExitCritical
 .text.PendSV_Handler
                0x0800c2c0       0x68 ./Middlewares/Third_Party/FreeRTOS/Source/portable/GCC/ARM_CM4F/port.o
                0x0800c2c0                PendSV_Handler
 .text.xPortSysTickHandler
                0x0800c328       0x44 ./Middlewares/Third_Party/FreeRTOS/Source/portable/GCC/ARM_CM4F/port.o
                0x0800c328                xPortSysTickHandler
 .text.vPortSetupTimerInterrupt
                0x0800c36c       0x48 ./Middlewares/Third_Party/FreeRTOS/Source/portable/GCC/ARM_CM4F/port.o
                0x0800c36c                vPortSetupTimerInterrupt
 .text.vPortEnableVFP
                0x0800c3b4       0x14 ./Middlewares/Third_Party/FreeRTOS/Source/portable/GCC/ARM_CM4F/port.o
 .text.vPortValidateInterruptPriority
                0x0800c3c8       0x84 ./Middlewares/Third_Party/FreeRTOS/Source/portable/GCC/ARM_CM4F/port.o
                0x0800c3c8                vPortValidateInterruptPriority
 .text.pvPortMalloc
                0x0800c44c      0x19c ./Middlewares/Third_Party/FreeRTOS/Source/portable/MemMang/heap_4.o
                0x0800c44c                pvPortMalloc
 .text.vPortFree
                0x0800c5e8       0xc8 ./Middlewares/Third_Party/FreeRTOS/Source/portable/MemMang/heap_4.o
                0x0800c5e8                vPortFree
 .text.prvHeapInit
                0x0800c6b0       0xc4 ./Middlewares/Third_Party/FreeRTOS/Source/portable/MemMang/heap_4.o
 .text.prvInsertBlockIntoFreeList
                0x0800c774       0xb4 ./Middlewares/Third_Party/FreeRTOS/Source/portable/MemMang/heap_4.o
 .text.std      0x0800c828       0x6c /Applications/STM32CubeIDE.app/Contents/Eclipse/plugins/com.st.stm32cube.ide.mcu.externaltools.gnu-tools-for-stm32.13.3.rel1.macos64_1.0.100.202509120712/tools/bin/../lib/gcc/arm-none-eabi/13.3.1/../../../../arm-none-eabi/lib/thumb/v7e-m+dp/hard/libc_nano.a(libc_a-findfp.o)
 .text.stdio_exit_handler
                0x0800c894       0x18 /Applications/STM32CubeIDE.app/Contents/Eclipse/plugins/com.st.stm32cube.ide.mcu.externaltools.gnu-tools-for-stm32.13.3.rel1.macos64_1.0.100.202509120712/tools/bin/../lib/gcc/arm-none-eabi/13.3.1/../../../../arm-none-eabi/lib/thumb/v7e-m+dp/hard/libc_nano.a(libc_a-findfp.o)
 .text.cleanup_stdio
                0x0800c8ac       0x40 /Applications/STM32CubeIDE.app/Contents/Eclipse/plugins/com.st.stm32cube.ide.mcu.externaltools.gnu-tools-for-stm32.13.3.rel1.macos64_1.0.100.202509120712/tools/bin/../lib/gcc/arm-none-eabi/13.3.1/../../../../arm-none-eabi/lib/thumb/v7e-m+dp/hard/libc_nano.a(libc_a-findfp.o)
 .text.global_stdio_init.part.0
                0x0800c8ec       0x3c /Applications/STM32CubeIDE.app/Contents/Eclipse/plugins/com.st.stm32cube.ide.mcu.externaltools.gnu-tools-for-stm32.13.3.rel1.macos64_1.0.100.202509120712/tools/bin/../lib/gcc/arm-none-eabi/13.3.1/../../../../arm-none-eabi/lib/thumb/v7e-m+dp/hard/libc_nano.a(libc_a-findfp.o)
 .text.__sfp_lock_acquire
                0x0800c928        0xc /Applications/STM32CubeIDE.app/Contents/Eclipse/plugins/com.st.stm32cube.ide.mcu.externaltools.gnu-tools-for-stm32.13.3.rel1.macos64_1.0.100.202509120712/tools/bin/../lib/gcc/arm-none-eabi/13.3.1/../../../../arm-none-eabi/lib/thumb/v7e-m+dp/hard/libc_nano.a(libc_a-findfp.o)
                0x0800c928                __sfp_lock_acquire
 .text.__sfp_lock_release
                0x0800c934        0xc /Applications/STM32CubeIDE.app/Contents/Eclipse/plugins/com.st.stm32cube.ide.mcu.externaltools.gnu-tools-for-stm32.13.3.rel1.macos64_1.0.100.202509120712/tools/bin/../lib/gcc/arm-none-eabi/13.3.1/../../../../arm-none-eabi/lib/thumb/v7e-m+dp/hard/libc_nano.a(libc_a-findfp.o)
                0x0800c934                __sfp_lock_release
 .text.__sinit  0x0800c940       0x30 /Applications/STM32CubeIDE.app/Contents/Eclipse/plugins/com.st.stm32cube.ide.mcu.externaltools.gnu-tools-for-stm32.13.3.rel1.macos64_1.0.100.202509120712/tools/bin/../lib/gcc/arm-none-eabi/13.3.1/../../../../arm-none-eabi/lib/thumb/v7e-m+dp/hard/libc_nano.a(libc_a-findfp.o)
                0x0800c940                __sinit
 .text._fwalk_sglue
                0x0800c970       0x3c /Applications/STM32CubeIDE.app/Contents/Eclipse/plugins/com.st.stm32cube.ide.mcu.externaltools.gnu-tools-for-stm32.13.3.rel1.macos64_1.0.100.202509120712/tools/bin/../lib/gcc/arm-none-eabi/13.3.1/../../../../arm-none-eabi/lib/thumb/v7e-m+dp/hard/libc_nano.a(libc_a-fwalk.o)
                0x0800c970                _fwalk_sglue
 .text.printf   0x0800c9ac       0x24 /Applications/STM32CubeIDE.app/Contents/Eclipse/plugins/com.st.stm32cube.ide.mcu.externaltools.gnu-tools-for-stm32.13.3.rel1.macos64_1.0.100.202509120712/tools/bin/../lib/gcc/arm-none-eabi/13.3.1/../../../../arm-none-eabi/lib/thumb/v7e-m+dp/hard/libc_nano.a(libc_a-printf.o)
                0x0800c9ac                printf
                0x0800c9ac                iprintf
 .text._puts_r  0x0800c9d0       0xaa /Applications/STM32CubeIDE.app/Contents/Eclipse/plugins/com.st.stm32cube.ide.mcu.externaltools.gnu-tools-for-stm32.13.3.rel1.macos64_1.0.100.202509120712/tools/bin/../lib/gcc/arm-none-eabi/13.3.1/../../../../arm-none-eabi/lib/thumb/v7e-m+dp/hard/libc_nano.a(libc_a-puts.o)
                0x0800c9d0                _puts_r
 *fill*         0x0800ca7a        0x2 
 .text.puts     0x0800ca7c       0x10 /Applications/STM32CubeIDE.app/Contents/Eclipse/plugins/com.st.stm32cube.ide.mcu.externaltools.gnu-tools-for-stm32.13.3.rel1.macos64_1.0.100.202509120712/tools/bin/../lib/gcc/arm-none-eabi/13.3.1/../../../../arm-none-eabi/lib/thumb/v7e-m+dp/hard/libc_nano.a(libc_a-puts.o)
                0x0800ca7c                puts
 .text.memset   0x0800ca8c       0x10 /Applications/STM32CubeIDE.app/Contents/Eclipse/plugins/com.st.stm32cube.ide.mcu.externaltools.gnu-tools-for-stm32.13.3.rel1.macos64_1.0.100.202509120712/tools/bin/../lib/gcc/arm-none-eabi/13.3.1/../../../../arm-none-eabi/lib/thumb/v7e-m+dp/hard/libc_nano.a(libc_a-memset.o)
                0x0800ca8c                memset
 .text.__errno  0x0800ca9c        0xc /Applications/STM32CubeIDE.app/Contents/Eclipse/plugins/com.st.stm32cube.ide.mcu.externaltools.gnu-tools-for-stm32.13.3.rel1.macos64_1.0.100.202509120712/tools/bin/../lib/gcc/arm-none-eabi/13.3.1/../../../../arm-none-eabi/lib/thumb/v7e-m+dp/hard/libc_nano.a(libc_a-errno.o)
                0x0800ca9c                __errno
 .text.__libc_init_array
                0x0800caa8       0x48 /Applications/STM32CubeIDE.app/Contents/Eclipse/plugins/com.st.stm32cube.ide.mcu.externaltools.gnu-tools-for-stm32.13.3.rel1.macos64_1.0.100.202509120712/tools/bin/../lib/gcc/arm-none-eabi/13.3.1/../../../../arm-none-eabi/lib/thumb/v7e-m+dp/hard/libc_nano.a(libc_a-init.o)
                0x0800caa8                __libc_init_array
 .text.__retarget_lock_init_recursive
                0x0800caf0        0x2 /Applications/STM32CubeIDE.app/Contents/Eclipse/plugins/com.st.stm32cube.ide.mcu.externaltools.gnu-tools-for-stm32.13.3.rel1.macos64_1.0.100.202509120712/tools/bin/../lib/gcc/arm-none-eabi/13.3.1/../../../../arm-none-eabi/lib/thumb/v7e-m+dp/hard/libc_nano.a(libc_a-lock.o)
                0x0800caf0                __retarget_lock_init_recursive
 .text.__retarget_lock_acquire_recursive
                0x0800caf2        0x2 /Applications/STM32CubeIDE.app/Contents/Eclipse/plugins/com.st.stm32cube.ide.mcu.externaltools.gnu-tools-for-stm32.13.3.rel1.macos64_1.0.100.202509120712/tools/bin/../lib/gcc/arm-none-eabi/13.3.1/../../../../arm-none-eabi/lib/thumb/v7e-m+dp/hard/libc_nano.a(libc_a-lock.o)
                0x0800caf2                __retarget_lock_acquire_recursive
 .text.__retarget_lock_release_recursive
                0x0800caf4        0x2 /Applications/STM32CubeIDE.app/Contents/Eclipse/plugins/com.st.stm32cube.ide.mcu.externaltools.gnu-tools-for-stm32.13.3.rel1.macos64_1.0.100.202509120712/tools/bin/../lib/gcc/arm-none-eabi/13.3.1/../../../../arm-none-eabi/lib/thumb/v7e-m+dp/hard/libc_nano.a(libc_a-lock.o)
                0x0800caf4                __retarget_lock_release_recursive
 .text.memcpy   0x0800caf6       0x1c /Applications/STM32CubeIDE.app/Contents/Eclipse/plugins/com.st.stm32cube.ide.mcu.externaltools.gnu-tools-for-stm32.13.3.rel1.macos64_1.0.100.202509120712/tools/bin/../lib/gcc/arm-none-eabi/13.3.1/../../../../arm-none-eabi/lib/thumb/v7e-m+dp/hard/libc_nano.a(libc_a-memcpy-stub.o)
                0x0800caf6                memcpy
 .text.__sfputc_r
                0x0800cb12       0x2e /Applications/STM32CubeIDE.app/Contents/Eclipse/plugins/com.st.stm32cube.ide.mcu.externaltools.gnu-tools-for-stm32.13.3.rel1.macos64_1.0.100.202509120712/tools/bin/../lib/gcc/arm-none-eabi/13.3.1/../../../../arm-none-eabi/lib/thumb/v7e-m+dp/hard/libc_nano.a(libc_a-nano-vfprintf.o)
 .text.__sfputs_r
                0x0800cb40       0x24 /Applications/STM32CubeIDE.app/Contents/Eclipse/plugins/com.st.stm32cube.ide.mcu.externaltools.gnu-tools-for-stm32.13.3.rel1.macos64_1.0.100.202509120712/tools/bin/../lib/gcc/arm-none-eabi/13.3.1/../../../../arm-none-eabi/lib/thumb/v7e-m+dp/hard/libc_nano.a(libc_a-nano-vfprintf.o)
                0x0800cb40                __sfputs_r
 .text._vfprintf_r
                0x0800cb64      0x230 /Applications/STM32CubeIDE.app/Contents/Eclipse/plugins/com.st.stm32cube.ide.mcu.externaltools.gnu-tools-for-stm32.13.3.rel1.macos64_1.0.100.202509120712/tools/bin/../lib/gcc/arm-none-eabi/13.3.1/../../../../arm-none-eabi/lib/thumb/v7e-m+dp/hard/libc_nano.a(libc_a-nano-vfprintf.o)
                0x0800cb64                _vfiprintf_r
                0x0800cb64                _vfprintf_r
 .text.sbrk_aligned
                0x0800cd94       0x44 /Applications/STM32CubeIDE.app/Contents/Eclipse/plugins/com.st.stm32cube.ide.mcu.externaltools.gnu-tools-for-stm32.13.3.rel1.macos64_1.0.100.202509120712/tools/bin/../lib/gcc/arm-none-eabi/13.3.1/../../../../arm-none-eabi/lib/thumb/v7e-m+dp/hard/libc_nano.a(libc_a-mallocr.o)
 .text._malloc_r
                0x0800cdd8      0x100 /Applications/STM32CubeIDE.app/Contents/Eclipse/plugins/com.st.stm32cube.ide.mcu.externaltools.gnu-tools-for-stm32.13.3.rel1.macos64_1.0.100.202509120712/tools/bin/../lib/gcc/arm-none-eabi/13.3.1/../../../../arm-none-eabi/lib/thumb/v7e-m+dp/hard/libc_nano.a(libc_a-mallocr.o)
                0x0800cdd8                _malloc_r
 .text._printf_common
                0x0800ced8       0xda /Applications/STM32CubeIDE.app/Contents/Eclipse/plugins/com.st.stm32cube.ide.mcu.externaltools.gnu-tools-for-stm32.13.3.rel1.macos64_1.0.100.202509120712/tools/bin/../lib/gcc/arm-none-eabi/13.3.1/../../../../arm-none-eabi/lib/thumb/v7e-m+dp/hard/libc_nano.a(libc_a-nano-vfprintf_i.o)
                0x0800ced8                _printf_common
 *fill*         0x0800cfb2        0x2 
 .text._printf_i
                0x0800cfb4      0x23c /Applications/STM32CubeIDE.app/Contents/Eclipse/plugins/com.st.stm32cube.ide.mcu.externaltools.gnu-tools-for-stm32.13.3.rel1.macos64_1.0.100.202509120712/tools/bin/../lib/gcc/arm-none-eabi/13.3.1/../../../../arm-none-eabi/lib/thumb/v7e-m+dp/hard/libc_nano.a(libc_a-nano-vfprintf_i.o)
                0x0800cfb4                _printf_i
 .text.__sflush_r
                0x0800d1f0      0x108 /Applications/STM32CubeIDE.app/Contents/Eclipse/plugins/com.st.stm32cube.ide.mcu.externaltools.gnu-tools-for-stm32.13.3.rel1.macos64_1.0.100.202509120712/tools/bin/../lib/gcc/arm-none-eabi/13.3.1/../../../../arm-none-eabi/lib/thumb/v7e-m+dp/hard/libc_nano.a(libc_a-fflush.o)
                0x0800d1f0                __sflush_r
 .text._fflush_r
                0x0800d2f8       0x50 /Applications/STM32CubeIDE.app/Contents/Eclipse/plugins/com.st.stm32cube.ide.mcu.externaltools.gnu-tools-for-stm32.13.3.rel1.macos64_1.0.100.202509120712/tools/bin/../lib/gcc/arm-none-eabi/13.3.1/../../../../arm-none-eabi/lib/thumb/v7e-m+dp/hard/libc_nano.a(libc_a-fflush.o)
                0x0800d2f8                _fflush_r
 .text.__malloc_lock
                0x0800d348        0xc /Applications/STM32CubeIDE.app/Contents/Eclipse/plugins/com.st.stm32cube.ide.mcu.externaltools.gnu-tools-for-stm32.13.3.rel1.macos64_1.0.100.202509120712/tools/bin/../lib/gcc/arm-none-eabi/13.3.1/../../../../arm-none-eabi/lib/thumb/v7e-m+dp/hard/libc_nano.a(libc_a-mlock.o)
                0x0800d348                __malloc_lock
 .text.__malloc_unlock
                0x0800d354        0xc /Applications/STM32CubeIDE.app/Contents/Eclipse/plugins/com.st.stm32cube.ide.mcu.externaltools.gnu-tools-for-stm32.13.3.rel1.macos64_1.0.100.202509120712/tools/bin/../lib/gcc/arm-none-eabi/13.3.1/../../../../arm-none-eabi/lib/thumb/v7e-m+dp/hard/libc_nano.a(libc_a-mlock.o)
                0x0800d354                __malloc_unlock
 .text.__sread  0x0800d360       0x22 /Applications/STM32CubeIDE.app/Contents/Eclipse/plugins/com.st.stm32cube.ide.mcu.externaltools.gnu-tools-for-stm32.13.3.rel1.macos64_1.0.100.202509120712/tools/bin/../lib/gcc/arm-none-eabi/13.3.1/../../../../arm-none-eabi/lib/thumb/v7e-m+dp/hard/libc_nano.a(libc_a-stdio.o)
                0x0800d360                __sread
 .text.__swrite
                0x0800d382       0x38 /Applications/STM32CubeIDE.app/Contents/Eclipse/plugins/com.st.stm32cube.ide.mcu.externaltools.gnu-tools-for-stm32.13.3.rel1.macos64_1.0.100.202509120712/tools/bin/../lib/gcc/arm-none-eabi/13.3.1/../../../../arm-none-eabi/lib/thumb/v7e-m+dp/hard/libc_nano.a(libc_a-stdio.o)
                0x0800d382                __swrite
 .text.__sseek  0x0800d3ba       0x24 /Applications/STM32CubeIDE.app/Contents/Eclipse/plugins/com.st.stm32cube.ide.mcu.externaltools.gnu-tools-for-stm32.13.3.rel1.macos64_1.0.100.202509120712/tools/bin/../lib/gcc/arm-none-eabi/13.3.1/../../../../arm-none-eabi/lib/thumb/v7e-m+dp/hard/libc_nano.a(libc_a-stdio.o)
                0x0800d3ba                __sseek
 .text.__sclose
                0x0800d3de        0x8 /Applications/STM32CubeIDE.app/Contents/Eclipse/plugins/com.st.stm32cube.ide.mcu.externaltools.gnu-tools-for-stm32.13.3.rel1.macos64_1.0.100.202509120712/tools/bin/../lib/gcc/arm-none-eabi/13.3.1/../../../../arm-none-eabi/lib/thumb/v7e-m+dp/hard/libc_nano.a(libc_a-stdio.o)
                0x0800d3de                __sclose
 .text.__swbuf_r
                0x0800d3e6       0x7c /Applications/STM32CubeIDE.app/Contents/Eclipse/plugins/com.st.stm32cube.ide.mcu.externaltools.gnu-tools-for-stm32.13.3.rel1.macos64_1.0.100.202509120712/tools/bin/../lib/gcc/arm-none-eabi/13.3.1/../../../../arm-none-eabi/lib/thumb/v7e-m+dp/hard/libc_nano.a(libc_a-wbuf.o)
                0x0800d3e6                __swbuf_r
 *fill*         0x0800d462        0x2 
 .text.__swsetup_r
                0x0800d464       0xac /Applications/STM32CubeIDE.app/Contents/Eclipse/plugins/com.st.stm32cube.ide.mcu.externaltools.gnu-tools-for-stm32.13.3.rel1.macos64_1.0.100.202509120712/tools/bin/../lib/gcc/arm-none-eabi/13.3.1/../../../../arm-none-eabi/lib/thumb/v7e-m+dp/hard/libc_nano.a(libc_a-wsetup.o)
                0x0800d464                __swsetup_r
 .text.__swhatbuf_r
                0x0800d510       0x4c /Applications/STM32CubeIDE.app/Contents/Eclipse/plugins/com.st.stm32cube.ide.mcu.externaltools.gnu-tools-for-stm32.13.3.rel1.macos64_1.0.100.202509120712/tools/bin/../lib/gcc/arm-none-eabi/13.3.1/../../../../arm-none-eabi/lib/thumb/v7e-m+dp/hard/libc_nano.a(libc_a-makebuf.o)
                0x0800d510                __swhatbuf_r
 .text.__smakebuf_r
                0x0800d55c       0x78 /Applications/STM32CubeIDE.app/Contents/Eclipse/plugins/com.st.stm32cube.ide.mcu.externaltools.gnu-tools-for-stm32.13.3.rel1.macos64_1.0.100.202509120712/tools/bin/../lib/gcc/arm-none-eabi/13.3.1/../../../../arm-none-eabi/lib/thumb/v7e-m+dp/hard/libc_nano.a(libc_a-makebuf.o)
                0x0800d55c                __smakebuf_r
 .text._isatty_r
                0x0800d5d4       0x20 /Applications/STM32CubeIDE.app/Contents/Eclipse/plugins/com.st.stm32cube.ide.mcu.externaltools.gnu-tools-for-stm32.13.3.rel1.macos64_1.0.100.202509120712/tools/bin/../lib/gcc/arm-none-eabi/13.3.1/../../../../arm-none-eabi/lib/thumb/v7e-m+dp/hard/libc_nano.a(libc_a-isattyr.o)
                0x0800d5d4                _isatty_r
 .text._lseek_r
                0x0800d5f4       0x24 /Applications/STM32CubeIDE.app/Contents/Eclipse/plugins/com.st.stm32cube.ide.mcu.externaltools.gnu-tools-for-stm32.13.3.rel1.macos64_1.0.100.202509120712/tools/bin/../lib/gcc/arm-none-eabi/13.3.1/../../../../arm-none-eabi/lib/thumb/v7e-m+dp/hard/libc_nano.a(libc_a-lseekr.o)
                0x0800d5f4                _lseek_r
 .text._read_r  0x0800d618       0x24 /Applications/STM32CubeIDE.app/Contents/Eclipse/plugins/com.st.stm32cube.ide.mcu.externaltools.gnu-tools-for-stm32.13.3.rel1.macos64_1.0.100.202509120712/tools/bin/../lib/gcc/arm-none-eabi/13.3.1/../../../../arm-none-eabi/lib/thumb/v7e-m+dp/hard/libc_nano.a(libc_a-readr.o)
                0x0800d618                _read_r
 .text._sbrk_r  0x0800d63c       0x20 /Applications/STM32CubeIDE.app/Contents/Eclipse/plugins/com.st.stm32cube.ide.mcu.externaltools.gnu-tools-for-stm32.13.3.rel1.macos64_1.0.100.202509120712/tools/bin/../lib/gcc/arm-none-eabi/13.3.1/../../../../arm-none-eabi/lib/thumb/v7e-m+dp/hard/libc_nano.a(libc_a-sbrkr.o)
                0x0800d63c                _sbrk_r
 .text._write_r
                0x0800d65c       0x24 /Applications/STM32CubeIDE.app/Contents/Eclipse/plugins/com.st.stm32cube.ide.mcu.externaltools.gnu-tools-for-stm32.13.3.rel1.macos64_1.0.100.202509120712/tools/bin/../lib/gcc/arm-none-eabi/13.3.1/../../../../arm-none-eabi/lib/thumb/v7e-m+dp/hard/libc_nano.a(libc_a-writer.o)
                0x0800d65c                _write_r
 .text._close_r
                0x0800d680       0x20 /Applications/STM32CubeIDE.app/Contents/Eclipse/plugins/com.st.stm32cube.ide.mcu.externaltools.gnu-tools-for-stm32.13.3.rel1.macos64_1.0.100.202509120712/tools/bin/../lib/gcc/arm-none-eabi/13.3.1/../../../../arm-none-eabi/lib/thumb/v7e-m+dp/hard/libc_nano.a(libc_a-closer.o)
                0x0800d680                _close_r
 .text._fstat_r
                0x0800d6a0       0x24 /Applications/STM32CubeIDE.app/Contents/Eclipse/plugins/com.st.stm32cube.ide.mcu.externaltools.gnu-tools-for-stm32.13.3.rel1.macos64_1.0.100.202509120712/tools/bin/../lib/gcc/arm-none-eabi/13.3.1/../../../../arm-none-eabi/lib/thumb/v7e-m+dp/hard/libc_nano.a(libc_a-fstatr.o)
                0x0800d6a0                _fstat_r
 .text._free_r  0x0800d6c4       0x94 /Applications/STM32CubeIDE.app/Contents/Eclipse/plugins/com.st.stm32cube.ide.mcu.externaltools.gnu-tools-for-stm32.13.3.rel1.macos64_1.0.100.202509120712/tools/bin/../lib/gcc/arm-none-eabi/13.3.1/../../../../arm-none-eabi/lib/thumb/v7e-m+dp/hard/libc_nano.a(libc_a-freer.o)
                0x0800d6c4                _free_r
 *(.glue_7)
 .glue_7        0x0800d758        0x0 linker stubs
 *(.glue_7t)
 .glue_7t       0x0800d758        0x0 linker stubs
 *(.eh_frame)
 .eh_frame      0x0800d758        0x0 /Applications/STM32CubeIDE.app/Contents/Eclipse/plugins/com.st.stm32cube.ide.mcu.externaltools.gnu-tools-for-stm32.13.3.rel1.macos64_1.0.100.202509120712/tools/bin/../lib/gcc/arm-none-eabi/13.3.1/thumb/v7e-m+dp/hard/crtbegin.o
 *(.init)
 .init          0x0800d758        0x4 /Applications/STM32CubeIDE.app/Contents/Eclipse/plugins/com.st.stm32cube.ide.mcu.externaltools.gnu-tools-for-stm32.13.3.rel1.macos64_1.0.100.202509120712/tools/bin/../lib/gcc/arm-none-eabi/13.3.1/thumb/v7e-m+dp/hard/crti.o
                0x0800d758                _init
 .init          0x0800d75c        0x8 /Applications/STM32CubeIDE.app/Contents/Eclipse/plugins/com.st.stm32cube.ide.mcu.externaltools.gnu-tools-for-stm32.13.3.rel1.macos64_1.0.100.202509120712/tools/bin/../lib/gcc/arm-none-eabi/13.3.1/thumb/v7e-m+dp/hard/crtn.o
 *(.fini)
 .fini          0x0800d764        0x4 /Applications/STM32CubeIDE.app/Contents/Eclipse/plugins/com.st.stm32cube.ide.mcu.externaltools.gnu-tools-for-stm32.13.3.rel1.macos64_1.0.100.202509120712/tools/bin/../lib/gcc/arm-none-eabi/13.3.1/thumb/v7e-m+dp/hard/crti.o
                0x0800d764                _fini
 .fini          0x0800d768        0x8 /Applications/STM32CubeIDE.app/Contents/Eclipse/plugins/com.st.stm32cube.ide.mcu.externaltools.gnu-tools-for-stm32.13.3.rel1.macos64_1.0.100.202509120712/tools/bin/../lib/gcc/arm-none-eabi/13.3.1/thumb/v7e-m+dp/hard/crtn.o
                0x0800d770                        . = ALIGN (0x4)
                0x0800d770                        _etext = .

.vfp11_veneer   0x0800d770        0x0
 .vfp11_veneer  0x0800d770        0x0 linker stubs

.v4_bx          0x0800d770        0x0
 .v4_bx         0x0800d770        0x0 linker stubs

.iplt           0x0800d770        0x0
 .iplt          0x0800d770        0x0 /Applications/STM32CubeIDE.app/Contents/Eclipse/plugins/com.st.stm32cube.ide.mcu.externaltools.gnu-tools-for-stm32.13.3.rel1.macos64_1.0.100.202509120712/tools/bin/../lib/gcc/arm-none-eabi/13.3.1/thumb/v7e-m+dp/hard/crtbegin.o

.rodata         0x0800d770      0x384
                0x0800d770                        . = ALIGN (0x4)
 *(.rodata)
 .rodata        0x0800d770        0xa ./Core/Src/freertos.o
 *fill*         0x0800d77a        0x2 
 .rodata        0x0800d77c      0x209 ./Core/Src/main.o
 *fill*         0x0800d985        0x3 
 .rodata        0x0800d988       0x4c ./Drivers/STM32H7xx_HAL_Driver/Src/stm32h7xx_hal_fdcan.o
 .rodata        0x0800d9d4        0x5 ./Middlewares/Third_Party/FreeRTOS/Source/tasks.o
 *fill*         0x0800d9d9        0x3 
 .rodata        0x0800d9dc        0xd ./Middlewares/Third_Party/FreeRTOS/Source/timers.o
 *(.rodata*)
 *fill*         0x0800d9e9        0x3 
 .rodata.Task1_attributes
                0x0800d9ec       0x24 ./Core/Src/main.o
                0x0800d9ec                Task1_attributes
 .rodata.Task2_attributes
                0x0800da10       0x24 ./Core/Src/main.o
                0x0800da10                Task2_attributes
 .rodata.CanRxTask_attributes
                0x0800da34       0x24 ./Core/Src/main.o
                0x0800da34                CanRxTask_attributes
 .rodata.CanTxTask_attributes
                0x0800da58       0x24 ./Core/Src/main.o
                0x0800da58                CanTxTask_attributes
 .rodata.D1CorePrescTable
                0x0800da7c       0x10 ./Core/Src/system_stm32h7xx.o
                0x0800da7c                D1CorePrescTable
 .rodata.LED_PIN
                0x0800da8c        0x6 ./Drivers/BSP/STM32H7xx_Nucleo/stm32h7xx_nucleo.o
 *fill*         0x0800da92        0x2 
 .rodata.BUTTON_EXTI_LINE.2
                0x0800da94        0x4 ./Drivers/BSP/STM32H7xx_Nucleo/stm32h7xx_nucleo.o
 .rodata.DLCtoBytes
                0x0800da98       0x10 ./Drivers/STM32H7xx_HAL_Driver/Src/stm32h7xx_hal_fdcan.o
 .rodata.UARTPrescTable
                0x0800daa8       0x18 ./Drivers/STM32H7xx_HAL_Driver/Src/stm32h7xx_hal_uart.o
                0x0800daa8                UARTPrescTable
 .rodata._vfprintf_r.str1.1
                0x0800dac0       0x33 /Applications/STM32CubeIDE.app/Contents/Eclipse/plugins/com.st.stm32cube.ide.mcu.externaltools.gnu-tools-for-stm32.13.3.rel1.macos64_1.0.100.202509120712/tools/bin/../lib/gcc/arm-none-eabi/13.3.1/../../../../arm-none-eabi/lib/thumb/v7e-m+dp/hard/libc_nano.a(libc_a-nano-vfprintf.o)
                                 0x11 (size before relaxing)
 .rodata._printf_i.str1.1
                0x0800daf3        0x0 /Applications/STM32CubeIDE.app/Contents/Eclipse/plugins/com.st.stm32cube.ide.mcu.externaltools.gnu-tools-for-stm32.13.3.rel1.macos64_1.0.100.202509120712/tools/bin/../lib/gcc/arm-none-eabi/13.3.1/../../../../arm-none-eabi/lib/thumb/v7e-m+dp/hard/libc_nano.a(libc_a-nano-vfprintf_i.o)
                                 0x22 (size before relaxing)
                0x0800daf4                        . = ALIGN (0x4)
 *fill*         0x0800daf3        0x1 

.ARM.extab
 *(.ARM.extab* .gnu.linkonce.armextab.*)

.ARM            0x0800daf4        0x8
                0x0800daf4                        __exidx_start = .
 *(.ARM.exidx*)
 .ARM.exidx     0x0800daf4        0x8 /Applications/STM32CubeIDE.app/Contents/Eclipse/plugins/com.st.stm32cube.ide.mcu.externaltools.gnu-tools-for-stm32.13.3.rel1.macos64_1.0.100.202509120712/tools/bin/../lib/gcc/arm-none-eabi/13.3.1/../../../../arm-none-eabi/lib/thumb/v7e-m+dp/hard/libc_nano.a(libc_a-memchr.o)
 .ARM.exidx     0x0800dafc        0x0 /Applications/STM32CubeIDE.app/Contents/Eclipse/plugins/com.st.stm32cube.ide.mcu.externaltools.gnu-tools-for-stm32.13.3.rel1.macos64_1.0.100.202509120712/tools/bin/../lib/gcc/arm-none-eabi/13.3.1/thumb/v7e-m+dp/hard/libgcc.a(_udivmoddi4.o)
                                  0x8 (size before relaxing)
                0x0800dafc                        __exidx_end = .

.preinit_array  0x0800dafc        0x0
                0x0800dafc                        PROVIDE (__preinit_array_start = .)
 *(.preinit_array*)
                0x0800dafc                        PROVIDE (__preinit_array_end = .)

.init_array     0x0800dafc        0x4
                0x0800dafc                        PROVIDE (__init_array_start = .)
 *(SORT_BY_NAME(.init_array.*))
 *(.init_array*)
 .init_array    0x0800dafc        0x4 /Applications/STM32CubeIDE.app/Contents/Eclipse/plugins/com.st.stm32cube.ide.mcu.externaltools.gnu-tools-for-stm32.13.3.rel1.macos64_1.0.100.202509120712/tools/bin/../lib/gcc/arm-none-eabi/13.3.1/thumb/v7e-m+dp/hard/crtbegin.o
                0x0800db00                        PROVIDE (__init_array_end = .)

.fini_array     0x0800db00        0x4
                [!provide]                        PROVIDE (__fini_array_start = .)
 *(SORT_BY_NAME(.fini_array.*))
 *(.fini_array*)
 .fini_array    0x0800db00        0x4 /Applications/STM32CubeIDE.app/Contents/Eclipse/plugins/com.st.stm32cube.ide.mcu.externaltools.gnu-tools-for-stm32.13.3.rel1.macos64_1.0.100.202509120712/tools/bin/../lib/gcc/arm-none-eabi/13.3.1/thumb/v7e-m+dp/hard/crtbegin.o
                [!provide]                        PROVIDE (__fini_array_end = .)
                0x0800db04                        _sidata = LOADADDR (.data)

.rel.dyn        0x0800db04        0x0
 .rel.iplt      0x0800db04        0x0 /Applications/STM32CubeIDE.app/Contents/Eclipse/plugins/com.st.stm32cube.ide.mcu.externaltools.gnu-tools-for-stm32.13.3.rel1.macos64_1.0.100.202509120712/tools/bin/../lib/gcc/arm-none-eabi/13.3.1/thumb/v7e-m+dp/hard/crtbegin.o

.data           0x24000000       0x8c load address 0x0800db04
                0x24000000                        . = ALIGN (0x4)
                0x24000000                        _sdata = .
 *(.data)
 *(.data*)
 .data.SystemCoreClock
                0x24000000        0x4 ./Core/Src/system_stm32h7xx.o
                0x24000000                SystemCoreClock
 .data.SystemD2Clock
                0x24000004        0x4 ./Core/Src/system_stm32h7xx.o
                0x24000004                SystemD2Clock
 .data.COM_USART
                0x24000008        0x4 ./Drivers/BSP/STM32H7xx_Nucleo/stm32h7xx_nucleo.o
                0x24000008                COM_USART
 .data.LED_PORT
                0x2400000c        0xc ./Drivers/BSP/STM32H7xx_Nucleo/stm32h7xx_nucleo.o
 .data.BUTTON_PORT
                0x24000018        0x4 ./Drivers/BSP/STM32H7xx_Nucleo/stm32h7xx_nucleo.o
 .data.ButtonCallback.1
                0x2400001c        0x4 ./Drivers/BSP/STM32H7xx_Nucleo/stm32h7xx_nucleo.o
 .data.BSP_BUTTON_PRIO.0
                0x24000020        0x4 ./Drivers/BSP/STM32H7xx_Nucleo/stm32h7xx_nucleo.o
 .data.uwTickPrio
                0x24000024        0x4 ./Drivers/STM32H7xx_HAL_Driver/Src/stm32h7xx_hal.o
                0x24000024                uwTickPrio
 .data.uwTickFreq
                0x24000028        0x1 ./Drivers/STM32H7xx_HAL_Driver/Src/stm32h7xx_hal.o
                0x24000028                uwTickFreq
 *fill*         0x24000029        0x3 
 .data.uxCriticalNesting
                0x2400002c        0x4 ./Middlewares/Third_Party/FreeRTOS/Source/portable/GCC/ARM_CM4F/port.o
 .data.__sglue  0x24000030        0xc /Applications/STM32CubeIDE.app/Contents/Eclipse/plugins/com.st.stm32cube.ide.mcu.externaltools.gnu-tools-for-stm32.13.3.rel1.macos64_1.0.100.202509120712/tools/bin/../lib/gcc/arm-none-eabi/13.3.1/../../../../arm-none-eabi/lib/thumb/v7e-m+dp/hard/libc_nano.a(libc_a-findfp.o)
                0x24000030                __sglue
 .data._impure_ptr
                0x2400003c        0x4 /Applications/STM32CubeIDE.app/Contents/Eclipse/plugins/com.st.stm32cube.ide.mcu.externaltools.gnu-tools-for-stm32.13.3.rel1.macos64_1.0.100.202509120712/tools/bin/../lib/gcc/arm-none-eabi/13.3.1/../../../../arm-none-eabi/lib/thumb/v7e-m+dp/hard/libc_nano.a(libc_a-impure.o)
                0x2400003c                _impure_ptr
 .data._impure_data
                0x24000040       0x4c /Applications/STM32CubeIDE.app/Contents/Eclipse/plugins/com.st.stm32cube.ide.mcu.externaltools.gnu-tools-for-stm32.13.3.rel1.macos64_1.0.100.202509120712/tools/bin/../lib/gcc/arm-none-eabi/13.3.1/../../../../arm-none-eabi/lib/thumb/v7e-m+dp/hard/libc_nano.a(libc_a-impure.o)
                0x24000040                _impure_data
 *(.RamFunc)
 *(.RamFunc*)
                0x2400008c                        . = ALIGN (0x4)
                0x2400008c                        _edata = .

.igot.plt       0x2400008c        0x0 load address 0x0800db90
 .igot.plt      0x2400008c        0x0 /Applications/STM32CubeIDE.app/Contents/Eclipse/plugins/com.st.stm32cube.ide.mcu.externaltools.gnu-tools-for-stm32.13.3.rel1.macos64_1.0.100.202509120712/tools/bin/../lib/gcc/arm-none-eabi/13.3.1/thumb/v7e-m+dp/hard/crtbegin.o
                0x2400008c                        . = ALIGN (0x4)

.bss            0x2400008c     0x4d40 load address 0x0800db90
                0x2400008c                        _sbss = .
                0x2400008c                        __bss_start__ = _sbss
 *(.bss)
 .bss           0x2400008c       0x1c /Applications/STM32CubeIDE.app/Contents/Eclipse/plugins/com.st.stm32cube.ide.mcu.externaltools.gnu-tools-for-stm32.13.3.rel1.macos64_1.0.100.202509120712/tools/bin/../lib/gcc/arm-none-eabi/13.3.1/thumb/v7e-m+dp/hard/crtbegin.o
 *(.bss*)
 .bss.ms5611_prom_data
                0x240000a8       0x10 ./Core/Src/MS5611_driver.o
 .bss.ms5611_spi
                0x240000b8        0x4 ./Core/Src/MS5611_driver.o
 .bss.spi1MutexHandle
                0x240000bc        0x4 ./Core/Src/freertos.o
                0x240000bc                spi1MutexHandle
 .bss.g_rxHeader
                0x240000c0       0x28 ./Core/Src/main.o
 .bss.g_rxData  0x240000e8        0x8 ./Core/Src/main.o
 .bss.g_validFrameCount
                0x240000f0        0x4 ./Core/Src/main.o
 .bss.canTxQueue
                0x240000f4        0x4 ./Core/Src/main.o
 .bss.BspCOMInit
                0x240000f8       0x10 ./Core/Src/main.o
                0x240000f8                BspCOMInit
 .bss.hfdcan1   0x24000108       0xa0 ./Core/Src/main.o
                0x24000108                hfdcan1
 .bss.hspi1     0x240001a8       0x88 ./Core/Src/main.o
                0x240001a8                hspi1
 .bss.Task1Handle
                0x24000230        0x4 ./Core/Src/main.o
                0x24000230                Task1Handle
 .bss.Task2Handle
                0x24000234        0x4 ./Core/Src/main.o
                0x24000234                Task2Handle
 .bss.CanRxTaskHandle
                0x24000238        0x4 ./Core/Src/main.o
                0x24000238                CanRxTaskHandle
 .bss.CanTxTaskHandle
                0x2400023c        0x4 ./Core/Src/main.o
                0x2400023c                CanTxTaskHandle
 .bss.htim6     0x24000240       0x4c ./Core/Src/stm32h7xx_hal_timebase_tim.o
                0x24000240                htim6
 .bss.__sbrk_heap_end
                0x2400028c        0x4 ./Core/Src/sysmem.o
 .bss.hpb_exti  0x24000290        0x8 ./Drivers/BSP/STM32H7xx_Nucleo/stm32h7xx_nucleo.o
                0x24000290                hpb_exti
 .bss.hcom_uart
                0x24000298       0x94 ./Drivers/BSP/STM32H7xx_Nucleo/stm32h7xx_nucleo.o
                0x24000298                hcom_uart
 .bss.uwTick    0x2400032c        0x4 ./Drivers/STM32H7xx_HAL_Driver/Src/stm32h7xx_hal.o
                0x2400032c                uwTick
 .bss.KernelState
                0x24000330        0x4 ./Middlewares/Third_Party/FreeRTOS/Source/CMSIS_RTOS_V2/cmsis_os2.o
 .bss.Idle_TCB.3
                0x24000334       0x5c ./Middlewares/Third_Party/FreeRTOS/Source/CMSIS_RTOS_V2/cmsis_os2.o
 .bss.Idle_Stack.2
                0x24000390      0x200 ./Middlewares/Third_Party/FreeRTOS/Source/CMSIS_RTOS_V2/cmsis_os2.o
 .bss.Timer_TCB.1
                0x24000590       0x5c ./Middlewares/Third_Party/FreeRTOS/Source/CMSIS_RTOS_V2/cmsis_os2.o
 .bss.Timer_Stack.0
                0x240005ec      0x400 ./Middlewares/Third_Party/FreeRTOS/Source/CMSIS_RTOS_V2/cmsis_os2.o
 .bss.xQueueRegistry
                0x240009ec       0x40 ./Middlewares/Third_Party/FreeRTOS/Source/queue.o
                0x240009ec                xQueueRegistry
 .bss.pxCurrentTCB
                0x24000a2c        0x4 ./Middlewares/Third_Party/FreeRTOS/Source/tasks.o
                0x24000a2c                pxCurrentTCB
 .bss.pxReadyTasksLists
                0x24000a30      0x460 ./Middlewares/Third_Party/FreeRTOS/Source/tasks.o
 .bss.xDelayedTaskList1
                0x24000e90       0x14 ./Middlewares/Third_Party/FreeRTOS/Source/tasks.o
 .bss.xDelayedTaskList2
                0x24000ea4       0x14 ./Middlewares/Third_Party/FreeRTOS/Source/tasks.o
 .bss.pxDelayedTaskList
                0x24000eb8        0x4 ./Middlewares/Third_Party/FreeRTOS/Source/tasks.o
 .bss.pxOverflowDelayedTaskList
                0x24000ebc        0x4 ./Middlewares/Third_Party/FreeRTOS/Source/tasks.o
 .bss.xPendingReadyList
                0x24000ec0       0x14 ./Middlewares/Third_Party/FreeRTOS/Source/tasks.o
 .bss.xTasksWaitingTermination
                0x24000ed4       0x14 ./Middlewares/Third_Party/FreeRTOS/Source/tasks.o
 .bss.uxDeletedTasksWaitingCleanUp
                0x24000ee8        0x4 ./Middlewares/Third_Party/FreeRTOS/Source/tasks.o
 .bss.xSuspendedTaskList
                0x24000eec       0x14 ./Middlewares/Third_Party/FreeRTOS/Source/tasks.o
 .bss.uxCurrentNumberOfTasks
                0x24000f00        0x4 ./Middlewares/Third_Party/FreeRTOS/Source/tasks.o
 .bss.xTickCount
                0x24000f04        0x4 ./Middlewares/Third_Party/FreeRTOS/Source/tasks.o
 .bss.uxTopReadyPriority
                0x24000f08        0x4 ./Middlewares/Third_Party/FreeRTOS/Source/tasks.o
 .bss.xSchedulerRunning
                0x24000f0c        0x4 ./Middlewares/Third_Party/FreeRTOS/Source/tasks.o
 .bss.xPendedTicks
                0x24000f10        0x4 ./Middlewares/Third_Party/FreeRTOS/Source/tasks.o
 .bss.xYieldPending
                0x24000f14        0x4 ./Middlewares/Third_Party/FreeRTOS/Source/tasks.o
 .bss.xNumOfOverflows
                0x24000f18        0x4 ./Middlewares/Third_Party/FreeRTOS/Source/tasks.o
 .bss.uxTaskNumber
                0x24000f1c        0x4 ./Middlewares/Third_Party/FreeRTOS/Source/tasks.o
 .bss.xNextTaskUnblockTime
                0x24000f20        0x4 ./Middlewares/Third_Party/FreeRTOS/Source/tasks.o
 .bss.xIdleTaskHandle
                0x24000f24        0x4 ./Middlewares/Third_Party/FreeRTOS/Source/tasks.o
 .bss.uxSchedulerSuspended
                0x24000f28        0x4 ./Middlewares/Third_Party/FreeRTOS/Source/tasks.o
 .bss.xActiveTimerList1
                0x24000f2c       0x14 ./Middlewares/Third_Party/FreeRTOS/Source/timers.o
 .bss.xActiveTimerList2
                0x24000f40       0x14 ./Middlewares/Third_Party/FreeRTOS/Source/timers.o
 .bss.pxCurrentTimerList
                0x24000f54        0x4 ./Middlewares/Third_Party/FreeRTOS/Source/timers.o
 .bss.pxOverflowTimerList
                0x24000f58        0x4 ./Middlewares/Third_Party/FreeRTOS/Source/timers.o
 .bss.xTimerQueue
                0x24000f5c        0x4 ./Middlewares/Third_Party/FreeRTOS/Source/timers.o
 .bss.xTimerTaskHandle
                0x24000f60        0x4 ./Middlewares/Third_Party/FreeRTOS/Source/timers.o
 .bss.xLastTime.2
                0x24000f64        0x4 ./Middlewares/Third_Party/FreeRTOS/Source/timers.o
 .bss.ucStaticTimerQueueStorage.1
                0x24000f68       0xa0 ./Middlewares/Third_Party/FreeRTOS/Source/timers.o
 .bss.xStaticTimerQueue.0
                0x24001008       0x50 ./Middlewares/Third_Party/FreeRTOS/Source/timers.o
 .bss.ucMaxSysCallPriority
                0x24001058        0x1 ./Middlewares/Third_Party/FreeRTOS/Source/portable/GCC/ARM_CM4F/port.o
 *fill*         0x24001059        0x3 
 .bss.ulMaxPRIGROUPValue
                0x2400105c        0x4 ./Middlewares/Third_Party/FreeRTOS/Source/portable/GCC/ARM_CM4F/port.o
 .bss.ucHeap    0x24001060     0x3c00 ./Middlewares/Third_Party/FreeRTOS/Source/portable/MemMang/heap_4.o
 .bss.xStart    0x24004c60        0x8 ./Middlewares/Third_Party/FreeRTOS/Source/portable/MemMang/heap_4.o
 .bss.pxEnd     0x24004c68        0x4 ./Middlewares/Third_Party/FreeRTOS/Source/portable/MemMang/heap_4.o
 .bss.xFreeBytesRemaining
                0x24004c6c        0x4 ./Middlewares/Third_Party/FreeRTOS/Source/portable/MemMang/heap_4.o
 .bss.xMinimumEverFreeBytesRemaining
                0x24004c70        0x4 ./Middlewares/Third_Party/FreeRTOS/Source/portable/MemMang/heap_4.o
 .bss.xNumberOfSuccessfulAllocations
                0x24004c74        0x4 ./Middlewares/Third_Party/FreeRTOS/Source/portable/MemMang/heap_4.o
 .bss.xNumberOfSuccessfulFrees
                0x24004c78        0x4 ./Middlewares/Third_Party/FreeRTOS/Source/portable/MemMang/heap_4.o
 .bss.xBlockAllocatedBit
                0x24004c7c        0x4 ./Middlewares/Third_Party/FreeRTOS/Source/portable/MemMang/heap_4.o
 .bss.__sf      0x24004c80      0x138 /Applications/STM32CubeIDE.app/Contents/Eclipse/plugins/com.st.stm32cube.ide.mcu.externaltools.gnu-tools-for-stm32.13.3.rel1.macos64_1.0.100.202509120712/tools/bin/../lib/gcc/arm-none-eabi/13.3.1/../../../../arm-none-eabi/lib/thumb/v7e-m+dp/hard/libc_nano.a(libc_a-findfp.o)
                0x24004c80                __sf
 .bss.__stdio_exit_handler
                0x24004db8        0x4 /Applications/STM32CubeIDE.app/Contents/Eclipse/plugins/com.st.stm32cube.ide.mcu.externaltools.gnu-tools-for-stm32.13.3.rel1.macos64_1.0.100.202509120712/tools/bin/../lib/gcc/arm-none-eabi/13.3.1/../../../../arm-none-eabi/lib/thumb/v7e-m+dp/hard/libc_nano.a(libc_a-findfp.o)
                0x24004db8                __stdio_exit_handler
 .bss.__lock___malloc_recursive_mutex
                0x24004dbc        0x1 /Applications/STM32CubeIDE.app/Contents/Eclipse/plugins/com.st.stm32cube.ide.mcu.externaltools.gnu-tools-for-stm32.13.3.rel1.macos64_1.0.100.202509120712/tools/bin/../lib/gcc/arm-none-eabi/13.3.1/../../../../arm-none-eabi/lib/thumb/v7e-m+dp/hard/libc_nano.a(libc_a-lock.o)
                0x24004dbc                __lock___malloc_recursive_mutex
 .bss.__lock___sfp_recursive_mutex