../Core/Src/main.c:42:13:CAN1_AppInit	48	static
../Core/Src/main.c:83:6:HAL_FDCAN_RxFifo0Callback	16	static
../Core/Src/main.c:178:5:main	8	static
../Core/Src/main.c:295:6:SystemClock_Config	120	static
../Core/Src/main.c:355:13:MX_FDCAN1_Init	8	static
../Core/Src/main.c:408:13:MX_SPI1_Init	8	static
../Core/Src/main.c:456:13:MX_GPIO_Init	48	static
../Core/Src/main.c:495:6:StartTask1	24	static
../Core/Src/main.c:522:6:StartTask2	16	static
../Core/Src/main.c:545:6:StartCanRxTask	72	static
../Core/Src/main.c:617:24:dlc_from_len	16	static
../Core/Src/main.c:632:6:StartCanTxTask	72	static
../Core/Src/main.c:715:6:HAL_TIM_PeriodElapsedCallback	16	static
../Core/Src/main.c:733:6:Error_Handler	4	static,ignoring_inline_asm
