../Core/Src/MS5611_driver.c:30:20:ms5611_cs_low	8	static
../Core/Src/MS5611_driver.c:34:20:ms5611_cs_high	8	static
../Core/Src/MS5611_driver.c:38:16:ms5611_spi_cmd	24	static
../Core/Src/MS5611_driver.c:48:16:ms5611_read_adc24	40	static
../Core/Src/MS5611_driver.c:63:16:ms5611_read_prom16	32	static
../Core/Src/MS5611_driver.c:89:9:MS5611_init	16	static
../Core/Src/MS5611_driver.c:116:9:MS5611_read_PROM	24	static
../Core/Src/MS5611_driver.c:145:9:MS5611_get_data	32	static
../Core/Src/MS5611_driver.c:171:9:MS5611_read_raw	24	static
../Core/Src/MS5611_driver.c:193:6:MS5611_get_prom	24	static
../Core/Src/MS5611_driver.c:201:16:ms5611_read_raw_locked	24	static
../Core/Src/MS5611_driver.c:225:16:calculate_pressure	368	static
