../Core/Src/MS5611_driver.c:27:20:ms5611_cs_low	8	static
../Core/Src/MS5611_driver.c:31:20:ms5611_cs_high	8	static
../Core/Src/MS5611_driver.c:35:16:ms5611_lock	8	static
../Core/Src/MS5611_driver.c:42:13:ms5611_unlock	8	static
../Core/Src/MS5611_driver.c:46:16:ms5611_spi_cmd	24	static
../Core/Src/MS5611_driver.c:65:16:ms5611_read_adc24	40	static
../Core/Src/MS5611_driver.c:90:16:ms5611_read_prom16	32	static
../Core/Src/MS5611_driver.c:125:9:MS5611_init	16	static
../Core/Src/MS5611_driver.c:149:16:MS5611_read_PROM	24	static
../Core/Src/MS5611_driver.c:176:9:MS5611_get_data	24	static
../Core/Src/MS5611_driver.c:203:16:ms5611_read_raw	16	static
../Core/Src/MS5611_driver.c:228:16:calculate_pressure	368	static
